14:59:04 **** Clean-only build of configuration Debug for project Firmware ****
make clean 
rm -rf *
 
14:59:41 **** Build of configuration Debug for project Firmware ****
make all 
Building file: ../startup/startup_stm32l486xx.s
Invoking: MCU GCC Assembler
C:\Users\adamiens\Documents\GitHub\Smart-DSLR-Remote-2\Firmware\Debug
arm-none-eabi-as -mcpu=cortex-m4 -mthumb -mfloat-abi=hard -mfpu=fpv4-sp-d16 -g -o "startup/startup_stm32l486xx.o" "../startup/startup_stm32l486xx.s"
Finished building: ../startup/startup_stm32l486xx.s
 
Building file: ../Drivers/STM32L4xx_HAL_Driver/Src/stm32l4xx_hal.c
Invoking: MCU GCC Compiler
C:\Users\adamiens\Documents\GitHub\Smart-DSLR-Remote-2\Firmware\Debug
arm-none-eabi-gcc -mcpu=cortex-m4 -mthumb -mfloat-abi=hard -mfpu=fpv4-sp-d16 '-D__weak=__attribute__((weak))' '-D__packed=__attribute__((__packed__))' -DUSE_HAL_DRIVER -DSTM32L486xx -I"C:/Users/adamiens/Documents/GitHub/Smart-DSLR-Remote-2/Firmware/Core/Inc" -I"C:/Users/adamiens/Documents/GitHub/Smart-DSLR-Remote-2/Firmware/Drivers/STM32L4xx_HAL_Driver/Inc" -I"C:/Users/adamiens/Documents/GitHub/Smart-DSLR-Remote-2/Firmware/Drivers/STM32L4xx_HAL_Driver/Inc/Legacy" -I"C:/Users/adamiens/Documents/GitHub/Smart-DSLR-Remote-2/Firmware/Drivers/CMSIS/Device/ST/STM32L4xx/Include" -I"C:/Users/adamiens/Documents/GitHub/Smart-DSLR-Remote-2/Firmware/Drivers/CMSIS/Include"  -Og -g3 -Wall -fmessage-length=0 -ffunction-sections -c -fmessage-length=0 -MMD -MP -MF"Drivers/STM32L4xx_HAL_Driver/Src/stm32l4xx_hal.d" -MT"Drivers/STM32L4xx_HAL_Driver/Src/stm32l4xx_hal.o" -o "Drivers/STM32L4xx_HAL_Driver/Src/stm32l4xx_hal.o" "../Drivers/STM32L4xx_HAL_Driver/Src/stm32l4xx_hal.c"
Finished building: ../Drivers/STM32L4xx_HAL_Driver/Src/stm32l4xx_hal.c
 
Building file: ../Drivers/STM32L4xx_HAL_Driver/Src/stm32l4xx_hal_adc.c
Invoking: MCU GCC Compiler
C:\Users\adamiens\Documents\GitHub\Smart-DSLR-Remote-2\Firmware\Debug
arm-none-eabi-gcc -mcpu=cortex-m4 -mthumb -mfloat-abi=hard -mfpu=fpv4-sp-d16 '-D__weak=__attribute__((weak))' '-D__packed=__attribute__((__packed__))' -DUSE_HAL_DRIVER -DSTM32L486xx -I"C:/Users/adamiens/Documents/GitHub/Smart-DSLR-Remote-2/Firmware/Core/Inc" -I"C:/Users/adamiens/Documents/GitHub/Smart-DSLR-Remote-2/Firmware/Drivers/STM32L4xx_HAL_Driver/Inc" -I"C:/Users/adamiens/Documents/GitHub/Smart-DSLR-Remote-2/Firmware/Drivers/STM32L4xx_HAL_Driver/Inc/Legacy" -I"C:/Users/adamiens/Documents/GitHub/Smart-DSLR-Remote-2/Firmware/Drivers/CMSIS/Device/ST/STM32L4xx/Include" -I"C:/Users/adamiens/Documents/GitHub/Smart-DSLR-Remote-2/Firmware/Drivers/CMSIS/Include"  -Og -g3 -Wall -fmessage-length=0 -ffunction-sections -c -fmessage-length=0 -MMD -MP -MF"Drivers/STM32L4xx_HAL_Driver/Src/stm32l4xx_hal_adc.d" -MT"Drivers/STM32L4xx_HAL_Driver/Src/stm32l4xx_hal_adc.o" -o "Drivers/STM32L4xx_HAL_Driver/Src/stm32l4xx_hal_adc.o" "../Drivers/STM32L4xx_HAL_Driver/Src/stm32l4xx_hal_adc.c"
Finished building: ../Drivers/STM32L4xx_HAL_Driver/Src/stm32l4xx_hal_adc.c
 
Building file: ../Drivers/STM32L4xx_HAL_Driver/Src/stm32l4xx_hal_adc_ex.c
Invoking: MCU GCC Compiler
C:\Users\adamiens\Documents\GitHub\Smart-DSLR-Remote-2\Firmware\Debug
arm-none-eabi-gcc -mcpu=cortex-m4 -mthumb -mfloat-abi=hard -mfpu=fpv4-sp-d16 '-D__weak=__attribute__((weak))' '-D__packed=__attribute__((__packed__))' -DUSE_HAL_DRIVER -DSTM32L486xx -I"C:/Users/adamiens/Documents/GitHub/Smart-DSLR-Remote-2/Firmware/Core/Inc" -I"C:/Users/adamiens/Documents/GitHub/Smart-DSLR-Remote-2/Firmware/Drivers/STM32L4xx_HAL_Driver/Inc" -I"C:/Users/adamiens/Documents/GitHub/Smart-DSLR-Remote-2/Firmware/Drivers/STM32L4xx_HAL_Driver/Inc/Legacy" -I"C:/Users/adamiens/Documents/GitHub/Smart-DSLR-Remote-2/Firmware/Drivers/CMSIS/Device/ST/STM32L4xx/Include" -I"C:/Users/adamiens/Documents/GitHub/Smart-DSLR-Remote-2/Firmware/Drivers/CMSIS/Include"  -Og -g3 -Wall -fmessage-length=0 -ffunction-sections -c -fmessage-length=0 -MMD -MP -MF"Drivers/STM32L4xx_HAL_Driver/Src/stm32l4xx_hal_adc_ex.d" -MT"Drivers/STM32L4xx_HAL_Driver/Src/stm32l4xx_hal_adc_ex.o" -o "Drivers/STM32L4xx_HAL_Driver/Src/stm32l4xx_hal_adc_ex.o" "../Drivers/STM32L4xx_HAL_Driver/Src/stm32l4xx_hal_adc_ex.c"
Finished building: ../Drivers/STM32L4xx_HAL_Driver/Src/stm32l4xx_hal_adc_ex.c
 
Building file: ../Drivers/STM32L4xx_HAL_Driver/Src/stm32l4xx_hal_comp.c
Invoking: MCU GCC Compiler
C:\Users\adamiens\Documents\GitHub\Smart-DSLR-Remote-2\Firmware\Debug
arm-none-eabi-gcc -mcpu=cortex-m4 -mthumb -mfloat-abi=hard -mfpu=fpv4-sp-d16 '-D__weak=__attribute__((weak))' '-D__packed=__attribute__((__packed__))' -DUSE_HAL_DRIVER -DSTM32L486xx -I"C:/Users/adamiens/Documents/GitHub/Smart-DSLR-Remote-2/Firmware/Core/Inc" -I"C:/Users/adamiens/Documents/GitHub/Smart-DSLR-Remote-2/Firmware/Drivers/STM32L4xx_HAL_Driver/Inc" -I"C:/Users/adamiens/Documents/GitHub/Smart-DSLR-Remote-2/Firmware/Drivers/STM32L4xx_HAL_Driver/Inc/Legacy" -I"C:/Users/adamiens/Documents/GitHub/Smart-DSLR-Remote-2/Firmware/Drivers/CMSIS/Device/ST/STM32L4xx/Include" -I"C:/Users/adamiens/Documents/GitHub/Smart-DSLR-Remote-2/Firmware/Drivers/CMSIS/Include"  -Og -g3 -Wall -fmessage-length=0 -ffunction-sections -c -fmessage-length=0 -MMD -MP -MF"Drivers/STM32L4xx_HAL_Driver/Src/stm32l4xx_hal_comp.d" -MT"Drivers/STM32L4xx_HAL_Driver/Src/stm32l4xx_hal_comp.o" -o "Drivers/STM32L4xx_HAL_Driver/Src/stm32l4xx_hal_comp.o" "../Drivers/STM32L4xx_HAL_Driver/Src/stm32l4xx_hal_comp.c"
Finished building: ../Drivers/STM32L4xx_HAL_Driver/Src/stm32l4xx_hal_comp.c
 
Building file: ../Drivers/STM32L4xx_HAL_Driver/Src/stm32l4xx_hal_cortex.c
Invoking: MCU GCC Compiler
C:\Users\adamiens\Documents\GitHub\Smart-DSLR-Remote-2\Firmware\Debug
arm-none-eabi-gcc -mcpu=cortex-m4 -mthumb -mfloat-abi=hard -mfpu=fpv4-sp-d16 '-D__weak=__attribute__((weak))' '-D__packed=__attribute__((__packed__))' -DUSE_HAL_DRIVER -DSTM32L486xx -I"C:/Users/adamiens/Documents/GitHub/Smart-DSLR-Remote-2/Firmware/Core/Inc" -I"C:/Users/adamiens/Documents/GitHub/Smart-DSLR-Remote-2/Firmware/Drivers/STM32L4xx_HAL_Driver/Inc" -I"C:/Users/adamiens/Documents/GitHub/Smart-DSLR-Remote-2/Firmware/Drivers/STM32L4xx_HAL_Driver/Inc/Legacy" -I"C:/Users/adamiens/Documents/GitHub/Smart-DSLR-Remote-2/Firmware/Drivers/CMSIS/Device/ST/STM32L4xx/Include" -I"C:/Users/adamiens/Documents/GitHub/Smart-DSLR-Remote-2/Firmware/Drivers/CMSIS/Include"  -Og -g3 -Wall -fmessage-length=0 -ffunction-sections -c -fmessage-length=0 -MMD -MP -MF"Drivers/STM32L4xx_HAL_Driver/Src/stm32l4xx_hal_cortex.d" -MT"Drivers/STM32L4xx_HAL_Driver/Src/stm32l4xx_hal_cortex.o" -o "Drivers/STM32L4xx_HAL_Driver/Src/stm32l4xx_hal_cortex.o" "../Drivers/STM32L4xx_HAL_Driver/Src/stm32l4xx_hal_cortex.c"
Finished building: ../Drivers/STM32L4xx_HAL_Driver/Src/stm32l4xx_hal_cortex.c
 
Building file: ../Drivers/STM32L4xx_HAL_Driver/Src/stm32l4xx_hal_dac.c
Invoking: MCU GCC Compiler
C:\Users\adamiens\Documents\GitHub\Smart-DSLR-Remote-2\Firmware\Debug
arm-none-eabi-gcc -mcpu=cortex-m4 -mthumb -mfloat-abi=hard -mfpu=fpv4-sp-d16 '-D__weak=__attribute__((weak))' '-D__packed=__attribute__((__packed__))' -DUSE_HAL_DRIVER -DSTM32L486xx -I"C:/Users/adamiens/Documents/GitHub/Smart-DSLR-Remote-2/Firmware/Core/Inc" -I"C:/Users/adamiens/Documents/GitHub/Smart-DSLR-Remote-2/Firmware/Drivers/STM32L4xx_HAL_Driver/Inc" -I"C:/Users/adamiens/Documents/GitHub/Smart-DSLR-Remote-2/Firmware/Drivers/STM32L4xx_HAL_Driver/Inc/Legacy" -I"C:/Users/adamiens/Documents/GitHub/Smart-DSLR-Remote-2/Firmware/Drivers/CMSIS/Device/ST/STM32L4xx/Include" -I"C:/Users/adamiens/Documents/GitHub/Smart-DSLR-Remote-2/Firmware/Drivers/CMSIS/Include"  -Og -g3 -Wall -fmessage-length=0 -ffunction-sections -c -fmessage-length=0 -MMD -MP -MF"Drivers/STM32L4xx_HAL_Driver/Src/stm32l4xx_hal_dac.d" -MT"Drivers/STM32L4xx_HAL_Driver/Src/stm32l4xx_hal_dac.o" -o "Drivers/STM32L4xx_HAL_Driver/Src/stm32l4xx_hal_dac.o" "../Drivers/STM32L4xx_HAL_Driver/Src/stm32l4xx_hal_dac.c"
Finished building: ../Drivers/STM32L4xx_HAL_Driver/Src/stm32l4xx_hal_dac.c
 
Building file: ../Drivers/STM32L4xx_HAL_Driver/Src/stm32l4xx_hal_dac_ex.c
Invoking: MCU GCC Compiler
C:\Users\adamiens\Documents\GitHub\Smart-DSLR-Remote-2\Firmware\Debug
arm-none-eabi-gcc -mcpu=cortex-m4 -mthumb -mfloat-abi=hard -mfpu=fpv4-sp-d16 '-D__weak=__attribute__((weak))' '-D__packed=__attribute__((__packed__))' -DUSE_HAL_DRIVER -DSTM32L486xx -I"C:/Users/adamiens/Documents/GitHub/Smart-DSLR-Remote-2/Firmware/Core/Inc" -I"C:/Users/adamiens/Documents/GitHub/Smart-DSLR-Remote-2/Firmware/Drivers/STM32L4xx_HAL_Driver/Inc" -I"C:/Users/adamiens/Documents/GitHub/Smart-DSLR-Remote-2/Firmware/Drivers/STM32L4xx_HAL_Driver/Inc/Legacy" -I"C:/Users/adamiens/Documents/GitHub/Smart-DSLR-Remote-2/Firmware/Drivers/CMSIS/Device/ST/STM32L4xx/Include" -I"C:/Users/adamiens/Documents/GitHub/Smart-DSLR-Remote-2/Firmware/Drivers/CMSIS/Include"  -Og -g3 -Wall -fmessage-length=0 -ffunction-sections -c -fmessage-length=0 -MMD -MP -MF"Drivers/STM32L4xx_HAL_Driver/Src/stm32l4xx_hal_dac_ex.d" -MT"Drivers/STM32L4xx_HAL_Driver/Src/stm32l4xx_hal_dac_ex.o" -o "Drivers/STM32L4xx_HAL_Driver/Src/stm32l4xx_hal_dac_ex.o" "../Drivers/STM32L4xx_HAL_Driver/Src/stm32l4xx_hal_dac_ex.c"
Finished building: ../Drivers/STM32L4xx_HAL_Driver/Src/stm32l4xx_hal_dac_ex.c
 
Building file: ../Drivers/STM32L4xx_HAL_Driver/Src/stm32l4xx_hal_dma.c
Invoking: MCU GCC Compiler
C:\Users\adamiens\Documents\GitHub\Smart-DSLR-Remote-2\Firmware\Debug
arm-none-eabi-gcc -mcpu=cortex-m4 -mthumb -mfloat-abi=hard -mfpu=fpv4-sp-d16 '-D__weak=__attribute__((weak))' '-D__packed=__attribute__((__packed__))' -DUSE_HAL_DRIVER -DSTM32L486xx -I"C:/Users/adamiens/Documents/GitHub/Smart-DSLR-Remote-2/Firmware/Core/Inc" -I"C:/Users/adamiens/Documents/GitHub/Smart-DSLR-Remote-2/Firmware/Drivers/STM32L4xx_HAL_Driver/Inc" -I"C:/Users/adamiens/Documents/GitHub/Smart-DSLR-Remote-2/Firmware/Drivers/STM32L4xx_HAL_Driver/Inc/Legacy" -I"C:/Users/adamiens/Documents/GitHub/Smart-DSLR-Remote-2/Firmware/Drivers/CMSIS/Device/ST/STM32L4xx/Include" -I"C:/Users/adamiens/Documents/GitHub/Smart-DSLR-Remote-2/Firmware/Drivers/CMSIS/Include"  -Og -g3 -Wall -fmessage-length=0 -ffunction-sections -c -fmessage-length=0 -MMD -MP -MF"Drivers/STM32L4xx_HAL_Driver/Src/stm32l4xx_hal_dma.d" -MT"Drivers/STM32L4xx_HAL_Driver/Src/stm32l4xx_hal_dma.o" -o "Drivers/STM32L4xx_HAL_Driver/Src/stm32l4xx_hal_dma.o" "../Drivers/STM32L4xx_HAL_Driver/Src/stm32l4xx_hal_dma.c"
Finished building: ../Drivers/STM32L4xx_HAL_Driver/Src/stm32l4xx_hal_dma.c
 
Building file: ../Drivers/STM32L4xx_HAL_Driver/Src/stm32l4xx_hal_dma_ex.c
Invoking: MCU GCC Compiler
C:\Users\adamiens\Documents\GitHub\Smart-DSLR-Remote-2\Firmware\Debug
arm-none-eabi-gcc -mcpu=cortex-m4 -mthumb -mfloat-abi=hard -mfpu=fpv4-sp-d16 '-D__weak=__attribute__((weak))' '-D__packed=__attribute__((__packed__))' -DUSE_HAL_DRIVER -DSTM32L486xx -I"C:/Users/adamiens/Documents/GitHub/Smart-DSLR-Remote-2/Firmware/Core/Inc" -I"C:/Users/adamiens/Documents/GitHub/Smart-DSLR-Remote-2/Firmware/Drivers/STM32L4xx_HAL_Driver/Inc" -I"C:/Users/adamiens/Documents/GitHub/Smart-DSLR-Remote-2/Firmware/Drivers/STM32L4xx_HAL_Driver/Inc/Legacy" -I"C:/Users/adamiens/Documents/GitHub/Smart-DSLR-Remote-2/Firmware/Drivers/CMSIS/Device/ST/STM32L4xx/Include" -I"C:/Users/adamiens/Documents/GitHub/Smart-DSLR-Remote-2/Firmware/Drivers/CMSIS/Include"  -Og -g3 -Wall -fmessage-length=0 -ffunction-sections -c -fmessage-length=0 -MMD -MP -MF"Drivers/STM32L4xx_HAL_Driver/Src/stm32l4xx_hal_dma_ex.d" -MT"Drivers/STM32L4xx_HAL_Driver/Src/stm32l4xx_hal_dma_ex.o" -o "Drivers/STM32L4xx_HAL_Driver/Src/stm32l4xx_hal_dma_ex.o" "../Drivers/STM32L4xx_HAL_Driver/Src/stm32l4xx_hal_dma_ex.c"
Finished building: ../Drivers/STM32L4xx_HAL_Driver/Src/stm32l4xx_hal_dma_ex.c
 
Building file: ../Drivers/STM32L4xx_HAL_Driver/Src/stm32l4xx_hal_flash.c
Invoking: MCU GCC Compiler
C:\Users\adamiens\Documents\GitHub\Smart-DSLR-Remote-2\Firmware\Debug
arm-none-eabi-gcc -mcpu=cortex-m4 -mthumb -mfloat-abi=hard -mfpu=fpv4-sp-d16 '-D__weak=__attribute__((weak))' '-D__packed=__attribute__((__packed__))' -DUSE_HAL_DRIVER -DSTM32L486xx -I"C:/Users/adamiens/Documents/GitHub/Smart-DSLR-Remote-2/Firmware/Core/Inc" -I"C:/Users/adamiens/Documents/GitHub/Smart-DSLR-Remote-2/Firmware/Drivers/STM32L4xx_HAL_Driver/Inc" -I"C:/Users/adamiens/Documents/GitHub/Smart-DSLR-Remote-2/Firmware/Drivers/STM32L4xx_HAL_Driver/Inc/Legacy" -I"C:/Users/adamiens/Documents/GitHub/Smart-DSLR-Remote-2/Firmware/Drivers/CMSIS/Device/ST/STM32L4xx/Include" -I"C:/Users/adamiens/Documents/GitHub/Smart-DSLR-Remote-2/Firmware/Drivers/CMSIS/Include"  -Og -g3 -Wall -fmessage-length=0 -ffunction-sections -c -fmessage-length=0 -MMD -MP -MF"Drivers/STM32L4xx_HAL_Driver/Src/stm32l4xx_hal_flash.d" -MT"Drivers/STM32L4xx_HAL_Driver/Src/stm32l4xx_hal_flash.o" -o "Drivers/STM32L4xx_HAL_Driver/Src/stm32l4xx_hal_flash.o" "../Drivers/STM32L4xx_HAL_Driver/Src/stm32l4xx_hal_flash.c"
Finished building: ../Drivers/STM32L4xx_HAL_Driver/Src/stm32l4xx_hal_flash.c
 
Building file: ../Drivers/STM32L4xx_HAL_Driver/Src/stm32l4xx_hal_flash_ex.c
Invoking: MCU GCC Compiler
C:\Users\adamiens\Documents\GitHub\Smart-DSLR-Remote-2\Firmware\Debug
arm-none-eabi-gcc -mcpu=cortex-m4 -mthumb -mfloat-abi=hard -mfpu=fpv4-sp-d16 '-D__weak=__attribute__((weak))' '-D__packed=__attribute__((__packed__))' -DUSE_HAL_DRIVER -DSTM32L486xx -I"C:/Users/adamiens/Documents/GitHub/Smart-DSLR-Remote-2/Firmware/Core/Inc" -I"C:/Users/adamiens/Documents/GitHub/Smart-DSLR-Remote-2/Firmware/Drivers/STM32L4xx_HAL_Driver/Inc" -I"C:/Users/adamiens/Documents/GitHub/Smart-DSLR-Remote-2/Firmware/Drivers/STM32L4xx_HAL_Driver/Inc/Legacy" -I"C:/Users/adamiens/Documents/GitHub/Smart-DSLR-Remote-2/Firmware/Drivers/CMSIS/Device/ST/STM32L4xx/Include" -I"C:/Users/adamiens/Documents/GitHub/Smart-DSLR-Remote-2/Firmware/Drivers/CMSIS/Include"  -Og -g3 -Wall -fmessage-length=0 -ffunction-sections -c -fmessage-length=0 -MMD -MP -MF"Drivers/STM32L4xx_HAL_Driver/Src/stm32l4xx_hal_flash_ex.d" -MT"Drivers/STM32L4xx_HAL_Driver/Src/stm32l4xx_hal_flash_ex.o" -o "Drivers/STM32L4xx_HAL_Driver/Src/stm32l4xx_hal_flash_ex.o" "../Drivers/STM32L4xx_HAL_Driver/Src/stm32l4xx_hal_flash_ex.c"
Finished building: ../Drivers/STM32L4xx_HAL_Driver/Src/stm32l4xx_hal_flash_ex.c
 
Building file: ../Drivers/STM32L4xx_HAL_Driver/Src/stm32l4xx_hal_flash_ramfunc.c
Invoking: MCU GCC Compiler
C:\Users\adamiens\Documents\GitHub\Smart-DSLR-Remote-2\Firmware\Debug
arm-none-eabi-gcc -mcpu=cortex-m4 -mthumb -mfloat-abi=hard -mfpu=fpv4-sp-d16 '-D__weak=__attribute__((weak))' '-D__packed=__attribute__((__packed__))' -DUSE_HAL_DRIVER -DSTM32L486xx -I"C:/Users/adamiens/Documents/GitHub/Smart-DSLR-Remote-2/Firmware/Core/Inc" -I"C:/Users/adamiens/Documents/GitHub/Smart-DSLR-Remote-2/Firmware/Drivers/STM32L4xx_HAL_Driver/Inc" -I"C:/Users/adamiens/Documents/GitHub/Smart-DSLR-Remote-2/Firmware/Drivers/STM32L4xx_HAL_Driver/Inc/Legacy" -I"C:/Users/adamiens/Documents/GitHub/Smart-DSLR-Remote-2/Firmware/Drivers/CMSIS/Device/ST/STM32L4xx/Include" -I"C:/Users/adamiens/Documents/GitHub/Smart-DSLR-Remote-2/Firmware/Drivers/CMSIS/Include"  -Og -g3 -Wall -fmessage-length=0 -ffunction-sections -c -fmessage-length=0 -MMD -MP -MF"Drivers/STM32L4xx_HAL_Driver/Src/stm32l4xx_hal_flash_ramfunc.d" -MT"Drivers/STM32L4xx_HAL_Driver/Src/stm32l4xx_hal_flash_ramfunc.o" -o "Drivers/STM32L4xx_HAL_Driver/Src/stm32l4xx_hal_flash_ramfunc.o" "../Drivers/STM32L4xx_HAL_Driver/Src/stm32l4xx_hal_flash_ramfunc.c"
Finished building: ../Drivers/STM32L4xx_HAL_Driver/Src/stm32l4xx_hal_flash_ramfunc.c
 
Building file: ../Drivers/STM32L4xx_HAL_Driver/Src/stm32l4xx_hal_gpio.c
Invoking: MCU GCC Compiler
C:\Users\adamiens\Documents\GitHub\Smart-DSLR-Remote-2\Firmware\Debug
arm-none-eabi-gcc -mcpu=cortex-m4 -mthumb -mfloat-abi=hard -mfpu=fpv4-sp-d16 '-D__weak=__attribute__((weak))' '-D__packed=__attribute__((__packed__))' -DUSE_HAL_DRIVER -DSTM32L486xx -I"C:/Users/adamiens/Documents/GitHub/Smart-DSLR-Remote-2/Firmware/Core/Inc" -I"C:/Users/adamiens/Documents/GitHub/Smart-DSLR-Remote-2/Firmware/Drivers/STM32L4xx_HAL_Driver/Inc" -I"C:/Users/adamiens/Documents/GitHub/Smart-DSLR-Remote-2/Firmware/Drivers/STM32L4xx_HAL_Driver/Inc/Legacy" -I"C:/Users/adamiens/Documents/GitHub/Smart-DSLR-Remote-2/Firmware/Drivers/CMSIS/Device/ST/STM32L4xx/Include" -I"C:/Users/adamiens/Documents/GitHub/Smart-DSLR-Remote-2/Firmware/Drivers/CMSIS/Include"  -Og -g3 -Wall -fmessage-length=0 -ffunction-sections -c -fmessage-length=0 -MMD -MP -MF"Drivers/STM32L4xx_HAL_Driver/Src/stm32l4xx_hal_gpio.d" -MT"Drivers/STM32L4xx_HAL_Driver/Src/stm32l4xx_hal_gpio.o" -o "Drivers/STM32L4xx_HAL_Driver/Src/stm32l4xx_hal_gpio.o" "../Drivers/STM32L4xx_HAL_Driver/Src/stm32l4xx_hal_gpio.c"
Finished building: ../Drivers/STM32L4xx_HAL_Driver/Src/stm32l4xx_hal_gpio.c
 
Building file: ../Drivers/STM32L4xx_HAL_Driver/Src/stm32l4xx_hal_i2c.c
Invoking: MCU GCC Compiler
C:\Users\adamiens\Documents\GitHub\Smart-DSLR-Remote-2\Firmware\Debug
arm-none-eabi-gcc -mcpu=cortex-m4 -mthumb -mfloat-abi=hard -mfpu=fpv4-sp-d16 '-D__weak=__attribute__((weak))' '-D__packed=__attribute__((__packed__))' -DUSE_HAL_DRIVER -DSTM32L486xx -I"C:/Users/adamiens/Documents/GitHub/Smart-DSLR-Remote-2/Firmware/Core/Inc" -I"C:/Users/adamiens/Documents/GitHub/Smart-DSLR-Remote-2/Firmware/Drivers/STM32L4xx_HAL_Driver/Inc" -I"C:/Users/adamiens/Documents/GitHub/Smart-DSLR-Remote-2/Firmware/Drivers/STM32L4xx_HAL_Driver/Inc/Legacy" -I"C:/Users/adamiens/Documents/GitHub/Smart-DSLR-Remote-2/Firmware/Drivers/CMSIS/Device/ST/STM32L4xx/Include" -I"C:/Users/adamiens/Documents/GitHub/Smart-DSLR-Remote-2/Firmware/Drivers/CMSIS/Include"  -Og -g3 -Wall -fmessage-length=0 -ffunction-sections -c -fmessage-length=0 -MMD -MP -MF"Drivers/STM32L4xx_HAL_Driver/Src/stm32l4xx_hal_i2c.d" -MT"Drivers/STM32L4xx_HAL_Driver/Src/stm32l4xx_hal_i2c.o" -o "Drivers/STM32L4xx_HAL_Driver/Src/stm32l4xx_hal_i2c.o" "../Drivers/STM32L4xx_HAL_Driver/Src/stm32l4xx_hal_i2c.c"
Finished building: ../Drivers/STM32L4xx_HAL_Driver/Src/stm32l4xx_hal_i2c.c
 
Building file: ../Drivers/STM32L4xx_HAL_Driver/Src/stm32l4xx_hal_i2c_ex.c
Invoking: MCU GCC Compiler
C:\Users\adamiens\Documents\GitHub\Smart-DSLR-Remote-2\Firmware\Debug
arm-none-eabi-gcc -mcpu=cortex-m4 -mthumb -mfloat-abi=hard -mfpu=fpv4-sp-d16 '-D__weak=__attribute__((weak))' '-D__packed=__attribute__((__packed__))' -DUSE_HAL_DRIVER -DSTM32L486xx -I"C:/Users/adamiens/Documents/GitHub/Smart-DSLR-Remote-2/Firmware/Core/Inc" -I"C:/Users/adamiens/Documents/GitHub/Smart-DSLR-Remote-2/Firmware/Drivers/STM32L4xx_HAL_Driver/Inc" -I"C:/Users/adamiens/Documents/GitHub/Smart-DSLR-Remote-2/Firmware/Drivers/STM32L4xx_HAL_Driver/Inc/Legacy" -I"C:/Users/adamiens/Documents/GitHub/Smart-DSLR-Remote-2/Firmware/Drivers/CMSIS/Device/ST/STM32L4xx/Include" -I"C:/Users/adamiens/Documents/GitHub/Smart-DSLR-Remote-2/Firmware/Drivers/CMSIS/Include"  -Og -g3 -Wall -fmessage-length=0 -ffunction-sections -c -fmessage-length=0 -MMD -MP -MF"Drivers/STM32L4xx_HAL_Driver/Src/stm32l4xx_hal_i2c_ex.d" -MT"Drivers/STM32L4xx_HAL_Driver/Src/stm32l4xx_hal_i2c_ex.o" -o "Drivers/STM32L4xx_HAL_Driver/Src/stm32l4xx_hal_i2c_ex.o" "../Drivers/STM32L4xx_HAL_Driver/Src/stm32l4xx_hal_i2c_ex.c"
Finished building: ../Drivers/STM32L4xx_HAL_Driver/Src/stm32l4xx_hal_i2c_ex.c
 
Building file: ../Drivers/STM32L4xx_HAL_Driver/Src/stm32l4xx_hal_pwr.c
Invoking: MCU GCC Compiler
C:\Users\adamiens\Documents\GitHub\Smart-DSLR-Remote-2\Firmware\Debug
arm-none-eabi-gcc -mcpu=cortex-m4 -mthumb -mfloat-abi=hard -mfpu=fpv4-sp-d16 '-D__weak=__attribute__((weak))' '-D__packed=__attribute__((__packed__))' -DUSE_HAL_DRIVER -DSTM32L486xx -I"C:/Users/adamiens/Documents/GitHub/Smart-DSLR-Remote-2/Firmware/Core/Inc" -I"C:/Users/adamiens/Documents/GitHub/Smart-DSLR-Remote-2/Firmware/Drivers/STM32L4xx_HAL_Driver/Inc" -I"C:/Users/adamiens/Documents/GitHub/Smart-DSLR-Remote-2/Firmware/Drivers/STM32L4xx_HAL_Driver/Inc/Legacy" -I"C:/Users/adamiens/Documents/GitHub/Smart-DSLR-Remote-2/Firmware/Drivers/CMSIS/Device/ST/STM32L4xx/Include" -I"C:/Users/adamiens/Documents/GitHub/Smart-DSLR-Remote-2/Firmware/Drivers/CMSIS/Include"  -Og -g3 -Wall -fmessage-length=0 -ffunction-sections -c -fmessage-length=0 -MMD -MP -MF"Drivers/STM32L4xx_HAL_Driver/Src/stm32l4xx_hal_pwr.d" -MT"Drivers/STM32L4xx_HAL_Driver/Src/stm32l4xx_hal_pwr.o" -o "Drivers/STM32L4xx_HAL_Driver/Src/stm32l4xx_hal_pwr.o" "../Drivers/STM32L4xx_HAL_Driver/Src/stm32l4xx_hal_pwr.c"
Finished building: ../Drivers/STM32L4xx_HAL_Driver/Src/stm32l4xx_hal_pwr.c
 
Building file: ../Drivers/STM32L4xx_HAL_Driver/Src/stm32l4xx_hal_pwr_ex.c
Invoking: MCU GCC Compiler
C:\Users\adamiens\Documents\GitHub\Smart-DSLR-Remote-2\Firmware\Debug
arm-none-eabi-gcc -mcpu=cortex-m4 -mthumb -mfloat-abi=hard -mfpu=fpv4-sp-d16 '-D__weak=__attribute__((weak))' '-D__packed=__attribute__((__packed__))' -DUSE_HAL_DRIVER -DSTM32L486xx -I"C:/Users/adamiens/Documents/GitHub/Smart-DSLR-Remote-2/Firmware/Core/Inc" -I"C:/Users/adamiens/Documents/GitHub/Smart-DSLR-Remote-2/Firmware/Drivers/STM32L4xx_HAL_Driver/Inc" -I"C:/Users/adamiens/Documents/GitHub/Smart-DSLR-Remote-2/Firmware/Drivers/STM32L4xx_HAL_Driver/Inc/Legacy" -I"C:/Users/adamiens/Documents/GitHub/Smart-DSLR-Remote-2/Firmware/Drivers/CMSIS/Device/ST/STM32L4xx/Include" -I"C:/Users/adamiens/Documents/GitHub/Smart-DSLR-Remote-2/Firmware/Drivers/CMSIS/Include"  -Og -g3 -Wall -fmessage-length=0 -ffunction-sections -c -fmessage-length=0 -MMD -MP -MF"Drivers/STM32L4xx_HAL_Driver/Src/stm32l4xx_hal_pwr_ex.d" -MT"Drivers/STM32L4xx_HAL_Driver/Src/stm32l4xx_hal_pwr_ex.o" -o "Drivers/STM32L4xx_HAL_Driver/Src/stm32l4xx_hal_pwr_ex.o" "../Drivers/STM32L4xx_HAL_Driver/Src/stm32l4xx_hal_pwr_ex.c"
Finished building: ../Drivers/STM32L4xx_HAL_Driver/Src/stm32l4xx_hal_pwr_ex.c
 
Building file: ../Drivers/STM32L4xx_HAL_Driver/Src/stm32l4xx_hal_rcc.c
Invoking: MCU GCC Compiler
C:\Users\adamiens\Documents\GitHub\Smart-DSLR-Remote-2\Firmware\Debug
arm-none-eabi-gcc -mcpu=cortex-m4 -mthumb -mfloat-abi=hard -mfpu=fpv4-sp-d16 '-D__weak=__attribute__((weak))' '-D__packed=__attribute__((__packed__))' -DUSE_HAL_DRIVER -DSTM32L486xx -I"C:/Users/adamiens/Documents/GitHub/Smart-DSLR-Remote-2/Firmware/Core/Inc" -I"C:/Users/adamiens/Documents/GitHub/Smart-DSLR-Remote-2/Firmware/Drivers/STM32L4xx_HAL_Driver/Inc" -I"C:/Users/adamiens/Documents/GitHub/Smart-DSLR-Remote-2/Firmware/Drivers/STM32L4xx_HAL_Driver/Inc/Legacy" -I"C:/Users/adamiens/Documents/GitHub/Smart-DSLR-Remote-2/Firmware/Drivers/CMSIS/Device/ST/STM32L4xx/Include" -I"C:/Users/adamiens/Documents/GitHub/Smart-DSLR-Remote-2/Firmware/Drivers/CMSIS/Include"  -Og -g3 -Wall -fmessage-length=0 -ffunction-sections -c -fmessage-length=0 -MMD -MP -MF"Drivers/STM32L4xx_HAL_Driver/Src/stm32l4xx_hal_rcc.d" -MT"Drivers/STM32L4xx_HAL_Driver/Src/stm32l4xx_hal_rcc.o" -o "Drivers/STM32L4xx_HAL_Driver/Src/stm32l4xx_hal_rcc.o" "../Drivers/STM32L4xx_HAL_Driver/Src/stm32l4xx_hal_rcc.c"
Finished building: ../Drivers/STM32L4xx_HAL_Driver/Src/stm32l4xx_hal_rcc.c
 
Building file: ../Drivers/STM32L4xx_HAL_Driver/Src/stm32l4xx_hal_rcc_ex.c
Invoking: MCU GCC Compiler
C:\Users\adamiens\Documents\GitHub\Smart-DSLR-Remote-2\Firmware\Debug
arm-none-eabi-gcc -mcpu=cortex-m4 -mthumb -mfloat-abi=hard -mfpu=fpv4-sp-d16 '-D__weak=__attribute__((weak))' '-D__packed=__attribute__((__packed__))' -DUSE_HAL_DRIVER -DSTM32L486xx -I"C:/Users/adamiens/Documents/GitHub/Smart-DSLR-Remote-2/Firmware/Core/Inc" -I"C:/Users/adamiens/Documents/GitHub/Smart-DSLR-Remote-2/Firmware/Drivers/STM32L4xx_HAL_Driver/Inc" -I"C:/Users/adamiens/Documents/GitHub/Smart-DSLR-Remote-2/Firmware/Drivers/STM32L4xx_HAL_Driver/Inc/Legacy" -I"C:/Users/adamiens/Documents/GitHub/Smart-DSLR-Remote-2/Firmware/Drivers/CMSIS/Device/ST/STM32L4xx/Include" -I"C:/Users/adamiens/Documents/GitHub/Smart-DSLR-Remote-2/Firmware/Drivers/CMSIS/Include"  -Og -g3 -Wall -fmessage-length=0 -ffunction-sections -c -fmessage-length=0 -MMD -MP -MF"Drivers/STM32L4xx_HAL_Driver/Src/stm32l4xx_hal_rcc_ex.d" -MT"Drivers/STM32L4xx_HAL_Driver/Src/stm32l4xx_hal_rcc_ex.o" -o "Drivers/STM32L4xx_HAL_Driver/Src/stm32l4xx_hal_rcc_ex.o" "../Drivers/STM32L4xx_HAL_Driver/Src/stm32l4xx_hal_rcc_ex.c"
Finished building: ../Drivers/STM32L4xx_HAL_Driver/Src/stm32l4xx_hal_rcc_ex.c
 
Building file: ../Drivers/STM32L4xx_HAL_Driver/Src/stm32l4xx_hal_rtc.c
Invoking: MCU GCC Compiler
C:\Users\adamiens\Documents\GitHub\Smart-DSLR-Remote-2\Firmware\Debug
arm-none-eabi-gcc -mcpu=cortex-m4 -mthumb -mfloat-abi=hard -mfpu=fpv4-sp-d16 '-D__weak=__attribute__((weak))' '-D__packed=__attribute__((__packed__))' -DUSE_HAL_DRIVER -DSTM32L486xx -I"C:/Users/adamiens/Documents/GitHub/Smart-DSLR-Remote-2/Firmware/Core/Inc" -I"C:/Users/adamiens/Documents/GitHub/Smart-DSLR-Remote-2/Firmware/Drivers/STM32L4xx_HAL_Driver/Inc" -I"C:/Users/adamiens/Documents/GitHub/Smart-DSLR-Remote-2/Firmware/Drivers/STM32L4xx_HAL_Driver/Inc/Legacy" -I"C:/Users/adamiens/Documents/GitHub/Smart-DSLR-Remote-2/Firmware/Drivers/CMSIS/Device/ST/STM32L4xx/Include" -I"C:/Users/adamiens/Documents/GitHub/Smart-DSLR-Remote-2/Firmware/Drivers/CMSIS/Include"  -Og -g3 -Wall -fmessage-length=0 -ffunction-sections -c -fmessage-length=0 -MMD -MP -MF"Drivers/STM32L4xx_HAL_Driver/Src/stm32l4xx_hal_rtc.d" -MT"Drivers/STM32L4xx_HAL_Driver/Src/stm32l4xx_hal_rtc.o" -o "Drivers/STM32L4xx_HAL_Driver/Src/stm32l4xx_hal_rtc.o" "../Drivers/STM32L4xx_HAL_Driver/Src/stm32l4xx_hal_rtc.c"
Finished building: ../Drivers/STM32L4xx_HAL_Driver/Src/stm32l4xx_hal_rtc.c
 
Building file: ../Drivers/STM32L4xx_HAL_Driver/Src/stm32l4xx_hal_rtc_ex.c
Invoking: MCU GCC Compiler
C:\Users\adamiens\Documents\GitHub\Smart-DSLR-Remote-2\Firmware\Debug
arm-none-eabi-gcc -mcpu=cortex-m4 -mthumb -mfloat-abi=hard -mfpu=fpv4-sp-d16 '-D__weak=__attribute__((weak))' '-D__packed=__attribute__((__packed__))' -DUSE_HAL_DRIVER -DSTM32L486xx -I"C:/Users/adamiens/Documents/GitHub/Smart-DSLR-Remote-2/Firmware/Core/Inc" -I"C:/Users/adamiens/Documents/GitHub/Smart-DSLR-Remote-2/Firmware/Drivers/STM32L4xx_HAL_Driver/Inc" -I"C:/Users/adamiens/Documents/GitHub/Smart-DSLR-Remote-2/Firmware/Drivers/STM32L4xx_HAL_Driver/Inc/Legacy" -I"C:/Users/adamiens/Documents/GitHub/Smart-DSLR-Remote-2/Firmware/Drivers/CMSIS/Device/ST/STM32L4xx/Include" -I"C:/Users/adamiens/Documents/GitHub/Smart-DSLR-Remote-2/Firmware/Drivers/CMSIS/Include"  -Og -g3 -Wall -fmessage-length=0 -ffunction-sections -c -fmessage-length=0 -MMD -MP -MF"Drivers/STM32L4xx_HAL_Driver/Src/stm32l4xx_hal_rtc_ex.d" -MT"Drivers/STM32L4xx_HAL_Driver/Src/stm32l4xx_hal_rtc_ex.o" -o "Drivers/STM32L4xx_HAL_Driver/Src/stm32l4xx_hal_rtc_ex.o" "../Drivers/STM32L4xx_HAL_Driver/Src/stm32l4xx_hal_rtc_ex.c"
Finished building: ../Drivers/STM32L4xx_HAL_Driver/Src/stm32l4xx_hal_rtc_ex.c
 
Building file: ../Drivers/STM32L4xx_HAL_Driver/Src/stm32l4xx_hal_spi.c
Invoking: MCU GCC Compiler
C:\Users\adamiens\Documents\GitHub\Smart-DSLR-Remote-2\Firmware\Debug
arm-none-eabi-gcc -mcpu=cortex-m4 -mthumb -mfloat-abi=hard -mfpu=fpv4-sp-d16 '-D__weak=__attribute__((weak))' '-D__packed=__attribute__((__packed__))' -DUSE_HAL_DRIVER -DSTM32L486xx -I"C:/Users/adamiens/Documents/GitHub/Smart-DSLR-Remote-2/Firmware/Core/Inc" -I"C:/Users/adamiens/Documents/GitHub/Smart-DSLR-Remote-2/Firmware/Drivers/STM32L4xx_HAL_Driver/Inc" -I"C:/Users/adamiens/Documents/GitHub/Smart-DSLR-Remote-2/Firmware/Drivers/STM32L4xx_HAL_Driver/Inc/Legacy" -I"C:/Users/adamiens/Documents/GitHub/Smart-DSLR-Remote-2/Firmware/Drivers/CMSIS/Device/ST/STM32L4xx/Include" -I"C:/Users/adamiens/Documents/GitHub/Smart-DSLR-Remote-2/Firmware/Drivers/CMSIS/Include"  -Og -g3 -Wall -fmessage-length=0 -ffunction-sections -c -fmessage-length=0 -MMD -MP -MF"Drivers/STM32L4xx_HAL_Driver/Src/stm32l4xx_hal_spi.d" -MT"Drivers/STM32L4xx_HAL_Driver/Src/stm32l4xx_hal_spi.o" -o "Drivers/STM32L4xx_HAL_Driver/Src/stm32l4xx_hal_spi.o" "../Drivers/STM32L4xx_HAL_Driver/Src/stm32l4xx_hal_spi.c"
Finished building: ../Drivers/STM32L4xx_HAL_Driver/Src/stm32l4xx_hal_spi.c
 
Building file: ../Drivers/STM32L4xx_HAL_Driver/Src/stm32l4xx_hal_spi_ex.c
Invoking: MCU GCC Compiler
C:\Users\adamiens\Documents\GitHub\Smart-DSLR-Remote-2\Firmware\Debug
arm-none-eabi-gcc -mcpu=cortex-m4 -mthumb -mfloat-abi=hard -mfpu=fpv4-sp-d16 '-D__weak=__attribute__((weak))' '-D__packed=__attribute__((__packed__))' -DUSE_HAL_DRIVER -DSTM32L486xx -I"C:/Users/adamiens/Documents/GitHub/Smart-DSLR-Remote-2/Firmware/Core/Inc" -I"C:/Users/adamiens/Documents/GitHub/Smart-DSLR-Remote-2/Firmware/Drivers/STM32L4xx_HAL_Driver/Inc" -I"C:/Users/adamiens/Documents/GitHub/Smart-DSLR-Remote-2/Firmware/Drivers/STM32L4xx_HAL_Driver/Inc/Legacy" -I"C:/Users/adamiens/Documents/GitHub/Smart-DSLR-Remote-2/Firmware/Drivers/CMSIS/Device/ST/STM32L4xx/Include" -I"C:/Users/adamiens/Documents/GitHub/Smart-DSLR-Remote-2/Firmware/Drivers/CMSIS/Include"  -Og -g3 -Wall -fmessage-length=0 -ffunction-sections -c -fmessage-length=0 -MMD -MP -MF"Drivers/STM32L4xx_HAL_Driver/Src/stm32l4xx_hal_spi_ex.d" -MT"Drivers/STM32L4xx_HAL_Driver/Src/stm32l4xx_hal_spi_ex.o" -o "Drivers/STM32L4xx_HAL_Driver/Src/stm32l4xx_hal_spi_ex.o" "../Drivers/STM32L4xx_HAL_Driver/Src/stm32l4xx_hal_spi_ex.c"
Finished building: ../Drivers/STM32L4xx_HAL_Driver/Src/stm32l4xx_hal_spi_ex.c
 
Building file: ../Drivers/STM32L4xx_HAL_Driver/Src/stm32l4xx_hal_tim.c
Invoking: MCU GCC Compiler
C:\Users\adamiens\Documents\GitHub\Smart-DSLR-Remote-2\Firmware\Debug
arm-none-eabi-gcc -mcpu=cortex-m4 -mthumb -mfloat-abi=hard -mfpu=fpv4-sp-d16 '-D__weak=__attribute__((weak))' '-D__packed=__attribute__((__packed__))' -DUSE_HAL_DRIVER -DSTM32L486xx -I"C:/Users/adamiens/Documents/GitHub/Smart-DSLR-Remote-2/Firmware/Core/Inc" -I"C:/Users/adamiens/Documents/GitHub/Smart-DSLR-Remote-2/Firmware/Drivers/STM32L4xx_HAL_Driver/Inc" -I"C:/Users/adamiens/Documents/GitHub/Smart-DSLR-Remote-2/Firmware/Drivers/STM32L4xx_HAL_Driver/Inc/Legacy" -I"C:/Users/adamiens/Documents/GitHub/Smart-DSLR-Remote-2/Firmware/Drivers/CMSIS/Device/ST/STM32L4xx/Include" -I"C:/Users/adamiens/Documents/GitHub/Smart-DSLR-Remote-2/Firmware/Drivers/CMSIS/Include"  -Og -g3 -Wall -fmessage-length=0 -ffunction-sections -c -fmessage-length=0 -MMD -MP -MF"Drivers/STM32L4xx_HAL_Driver/Src/stm32l4xx_hal_tim.d" -MT"Drivers/STM32L4xx_HAL_Driver/Src/stm32l4xx_hal_tim.o" -o "Drivers/STM32L4xx_HAL_Driver/Src/stm32l4xx_hal_tim.o" "../Drivers/STM32L4xx_HAL_Driver/Src/stm32l4xx_hal_tim.c"
Finished building: ../Drivers/STM32L4xx_HAL_Driver/Src/stm32l4xx_hal_tim.c
 
Building file: ../Drivers/STM32L4xx_HAL_Driver/Src/stm32l4xx_hal_tim_ex.c
Invoking: MCU GCC Compiler
C:\Users\adamiens\Documents\GitHub\Smart-DSLR-Remote-2\Firmware\Debug
arm-none-eabi-gcc -mcpu=cortex-m4 -mthumb -mfloat-abi=hard -mfpu=fpv4-sp-d16 '-D__weak=__attribute__((weak))' '-D__packed=__attribute__((__packed__))' -DUSE_HAL_DRIVER -DSTM32L486xx -I"C:/Users/adamiens/Documents/GitHub/Smart-DSLR-Remote-2/Firmware/Core/Inc" -I"C:/Users/adamiens/Documents/GitHub/Smart-DSLR-Remote-2/Firmware/Drivers/STM32L4xx_HAL_Driver/Inc" -I"C:/Users/adamiens/Documents/GitHub/Smart-DSLR-Remote-2/Firmware/Drivers/STM32L4xx_HAL_Driver/Inc/Legacy" -I"C:/Users/adamiens/Documents/GitHub/Smart-DSLR-Remote-2/Firmware/Drivers/CMSIS/Device/ST/STM32L4xx/Include" -I"C:/Users/adamiens/Documents/GitHub/Smart-DSLR-Remote-2/Firmware/Drivers/CMSIS/Include"  -Og -g3 -Wall -fmessage-length=0 -ffunction-sections -c -fmessage-length=0 -MMD -MP -MF"Drivers/STM32L4xx_HAL_Driver/Src/stm32l4xx_hal_tim_ex.d" -MT"Drivers/STM32L4xx_HAL_Driver/Src/stm32l4xx_hal_tim_ex.o" -o "Drivers/STM32L4xx_HAL_Driver/Src/stm32l4xx_hal_tim_ex.o" "../Drivers/STM32L4xx_HAL_Driver/Src/stm32l4xx_hal_tim_ex.c"
Finished building: ../Drivers/STM32L4xx_HAL_Driver/Src/stm32l4xx_hal_tim_ex.c
 
Building file: ../Drivers/STM32L4xx_HAL_Driver/Src/stm32l4xx_hal_uart.c
Invoking: MCU GCC Compiler
C:\Users\adamiens\Documents\GitHub\Smart-DSLR-Remote-2\Firmware\Debug
arm-none-eabi-gcc -mcpu=cortex-m4 -mthumb -mfloat-abi=hard -mfpu=fpv4-sp-d16 '-D__weak=__attribute__((weak))' '-D__packed=__attribute__((__packed__))' -DUSE_HAL_DRIVER -DSTM32L486xx -I"C:/Users/adamiens/Documents/GitHub/Smart-DSLR-Remote-2/Firmware/Core/Inc" -I"C:/Users/adamiens/Documents/GitHub/Smart-DSLR-Remote-2/Firmware/Drivers/STM32L4xx_HAL_Driver/Inc" -I"C:/Users/adamiens/Documents/GitHub/Smart-DSLR-Remote-2/Firmware/Drivers/STM32L4xx_HAL_Driver/Inc/Legacy" -I"C:/Users/adamiens/Documents/GitHub/Smart-DSLR-Remote-2/Firmware/Drivers/CMSIS/Device/ST/STM32L4xx/Include" -I"C:/Users/adamiens/Documents/GitHub/Smart-DSLR-Remote-2/Firmware/Drivers/CMSIS/Include"  -Og -g3 -Wall -fmessage-length=0 -ffunction-sections -c -fmessage-length=0 -MMD -MP -MF"Drivers/STM32L4xx_HAL_Driver/Src/stm32l4xx_hal_uart.d" -MT"Drivers/STM32L4xx_HAL_Driver/Src/stm32l4xx_hal_uart.o" -o "Drivers/STM32L4xx_HAL_Driver/Src/stm32l4xx_hal_uart.o" "../Drivers/STM32L4xx_HAL_Driver/Src/stm32l4xx_hal_uart.c"
Finished building: ../Drivers/STM32L4xx_HAL_Driver/Src/stm32l4xx_hal_uart.c
 
Building file: ../Drivers/STM32L4xx_HAL_Driver/Src/stm32l4xx_hal_uart_ex.c
Invoking: MCU GCC Compiler
C:\Users\adamiens\Documents\GitHub\Smart-DSLR-Remote-2\Firmware\Debug
arm-none-eabi-gcc -mcpu=cortex-m4 -mthumb -mfloat-abi=hard -mfpu=fpv4-sp-d16 '-D__weak=__attribute__((weak))' '-D__packed=__attribute__((__packed__))' -DUSE_HAL_DRIVER -DSTM32L486xx -I"C:/Users/adamiens/Documents/GitHub/Smart-DSLR-Remote-2/Firmware/Core/Inc" -I"C:/Users/adamiens/Documents/GitHub/Smart-DSLR-Remote-2/Firmware/Drivers/STM32L4xx_HAL_Driver/Inc" -I"C:/Users/adamiens/Documents/GitHub/Smart-DSLR-Remote-2/Firmware/Drivers/STM32L4xx_HAL_Driver/Inc/Legacy" -I"C:/Users/adamiens/Documents/GitHub/Smart-DSLR-Remote-2/Firmware/Drivers/CMSIS/Device/ST/STM32L4xx/Include" -I"C:/Users/adamiens/Documents/GitHub/Smart-DSLR-Remote-2/Firmware/Drivers/CMSIS/Include"  -Og -g3 -Wall -fmessage-length=0 -ffunction-sections -c -fmessage-length=0 -MMD -MP -MF"Drivers/STM32L4xx_HAL_Driver/Src/stm32l4xx_hal_uart_ex.d" -MT"Drivers/STM32L4xx_HAL_Driver/Src/stm32l4xx_hal_uart_ex.o" -o "Drivers/STM32L4xx_HAL_Driver/Src/stm32l4xx_hal_uart_ex.o" "../Drivers/STM32L4xx_HAL_Driver/Src/stm32l4xx_hal_uart_ex.c"
Finished building: ../Drivers/STM32L4xx_HAL_Driver/Src/stm32l4xx_hal_uart_ex.c
 
Building file: ../Core/Src/main.c
Invoking: MCU GCC Compiler
C:\Users\adamiens\Documents\GitHub\Smart-DSLR-Remote-2\Firmware\Debug
arm-none-eabi-gcc -mcpu=cortex-m4 -mthumb -mfloat-abi=hard -mfpu=fpv4-sp-d16 '-D__weak=__attribute__((weak))' '-D__packed=__attribute__((__packed__))' -DUSE_HAL_DRIVER -DSTM32L486xx -I"C:/Users/adamiens/Documents/GitHub/Smart-DSLR-Remote-2/Firmware/Core/Inc" -I"C:/Users/adamiens/Documents/GitHub/Smart-DSLR-Remote-2/Firmware/Drivers/STM32L4xx_HAL_Driver/Inc" -I"C:/Users/adamiens/Documents/GitHub/Smart-DSLR-Remote-2/Firmware/Drivers/STM32L4xx_HAL_Driver/Inc/Legacy" -I"C:/Users/adamiens/Documents/GitHub/Smart-DSLR-Remote-2/Firmware/Drivers/CMSIS/Device/ST/STM32L4xx/Include" -I"C:/Users/adamiens/Documents/GitHub/Smart-DSLR-Remote-2/Firmware/Drivers/CMSIS/Include"  -Og -g3 -Wall -fmessage-length=0 -ffunction-sections -c -fmessage-length=0 -MMD -MP -MF"Core/Src/main.d" -MT"Core/Src/main.o" -o "Core/Src/main.o" "../Core/Src/main.c"
Finished building: ../Core/Src/main.c
 
Building file: ../Core/Src/stm32l4xx_hal_msp.c
Invoking: MCU GCC Compiler
C:\Users\adamiens\Documents\GitHub\Smart-DSLR-Remote-2\Firmware\Debug
arm-none-eabi-gcc -mcpu=cortex-m4 -mthumb -mfloat-abi=hard -mfpu=fpv4-sp-d16 '-D__weak=__attribute__((weak))' '-D__packed=__attribute__((__packed__))' -DUSE_HAL_DRIVER -DSTM32L486xx -I"C:/Users/adamiens/Documents/GitHub/Smart-DSLR-Remote-2/Firmware/Core/Inc" -I"C:/Users/adamiens/Documents/GitHub/Smart-DSLR-Remote-2/Firmware/Drivers/STM32L4xx_HAL_Driver/Inc" -I"C:/Users/adamiens/Documents/GitHub/Smart-DSLR-Remote-2/Firmware/Drivers/STM32L4xx_HAL_Driver/Inc/Legacy" -I"C:/Users/adamiens/Documents/GitHub/Smart-DSLR-Remote-2/Firmware/Drivers/CMSIS/Device/ST/STM32L4xx/Include" -I"C:/Users/adamiens/Documents/GitHub/Smart-DSLR-Remote-2/Firmware/Drivers/CMSIS/Include"  -Og -g3 -Wall -fmessage-length=0 -ffunction-sections -c -fmessage-length=0 -MMD -MP -MF"Core/Src/stm32l4xx_hal_msp.d" -MT"Core/Src/stm32l4xx_hal_msp.o" -o "Core/Src/stm32l4xx_hal_msp.o" "../Core/Src/stm32l4xx_hal_msp.c"
Finished building: ../Core/Src/stm32l4xx_hal_msp.c
 
Building file: ../Core/Src/stm32l4xx_it.c
Invoking: MCU GCC Compiler
C:\Users\adamiens\Documents\GitHub\Smart-DSLR-Remote-2\Firmware\Debug
arm-none-eabi-gcc -mcpu=cortex-m4 -mthumb -mfloat-abi=hard -mfpu=fpv4-sp-d16 '-D__weak=__attribute__((weak))' '-D__packed=__attribute__((__packed__))' -DUSE_HAL_DRIVER -DSTM32L486xx -I"C:/Users/adamiens/Documents/GitHub/Smart-DSLR-Remote-2/Firmware/Core/Inc" -I"C:/Users/adamiens/Documents/GitHub/Smart-DSLR-Remote-2/Firmware/Drivers/STM32L4xx_HAL_Driver/Inc" -I"C:/Users/adamiens/Documents/GitHub/Smart-DSLR-Remote-2/Firmware/Drivers/STM32L4xx_HAL_Driver/Inc/Legacy" -I"C:/Users/adamiens/Documents/GitHub/Smart-DSLR-Remote-2/Firmware/Drivers/CMSIS/Device/ST/STM32L4xx/Include" -I"C:/Users/adamiens/Documents/GitHub/Smart-DSLR-Remote-2/Firmware/Drivers/CMSIS/Include"  -Og -g3 -Wall -fmessage-length=0 -ffunction-sections -c -fmessage-length=0 -MMD -MP -MF"Core/Src/stm32l4xx_it.d" -MT"Core/Src/stm32l4xx_it.o" -o "Core/Src/stm32l4xx_it.o" "../Core/Src/stm32l4xx_it.c"
Finished building: ../Core/Src/stm32l4xx_it.c
 
Building file: ../Core/Src/system_stm32l4xx.c
Invoking: MCU GCC Compiler
C:\Users\adamiens\Documents\GitHub\Smart-DSLR-Remote-2\Firmware\Debug
arm-none-eabi-gcc -mcpu=cortex-m4 -mthumb -mfloat-abi=hard -mfpu=fpv4-sp-d16 '-D__weak=__attribute__((weak))' '-D__packed=__attribute__((__packed__))' -DUSE_HAL_DRIVER -DSTM32L486xx -I"C:/Users/adamiens/Documents/GitHub/Smart-DSLR-Remote-2/Firmware/Core/Inc" -I"C:/Users/adamiens/Documents/GitHub/Smart-DSLR-Remote-2/Firmware/Drivers/STM32L4xx_HAL_Driver/Inc" -I"C:/Users/adamiens/Documents/GitHub/Smart-DSLR-Remote-2/Firmware/Drivers/STM32L4xx_HAL_Driver/Inc/Legacy" -I"C:/Users/adamiens/Documents/GitHub/Smart-DSLR-Remote-2/Firmware/Drivers/CMSIS/Device/ST/STM32L4xx/Include" -I"C:/Users/adamiens/Documents/GitHub/Smart-DSLR-Remote-2/Firmware/Drivers/CMSIS/Include"  -Og -g3 -Wall -fmessage-length=0 -ffunction-sections -c -fmessage-length=0 -MMD -MP -MF"Core/Src/system_stm32l4xx.d" -MT"Core/Src/system_stm32l4xx.o" -o "Core/Src/system_stm32l4xx.o" "../Core/Src/system_stm32l4xx.c"
Finished building: ../Core/Src/system_stm32l4xx.c
 
Building target: Firmware.elf
Invoking: MCU GCC Linker
arm-none-eabi-gcc -mcpu=cortex-m4 -mthumb -mfloat-abi=hard -mfpu=fpv4-sp-d16 -specs=nosys.specs -specs=nano.specs -T"../STM32L486RGTx_FLASH.ld" -Wl,-Map=output.map -Wl,--gc-sections -o "Firmware.elf" @"objects.list"   -lm
Finished building target: Firmware.elf
 
make --no-print-directory post-build
Generating hex and Printing size information:
arm-none-eabi-objcopy -O ihex "Firmware.elf" "Firmware.hex"
arm-none-eabi-size "Firmware.elf"
   text	   data	    bss	    dec	    hex	filename
  15928	     24	   2240	  18192	   4710	Firmware.elf
 
15:02:27 **** Incremental Build of configuration Debug for project Firmware ****
make all 
Building file: ../Core/Src/main.c
Invoking: MCU GCC Compiler
C:\Users\adamiens\Documents\GitHub\Smart-DSLR-Remote-2\Firmware\Debug
arm-none-eabi-gcc -mcpu=cortex-m4 -mthumb -mfloat-abi=hard -mfpu=fpv4-sp-d16 '-D__weak=__attribute__((weak))' '-D__packed=__attribute__((__packed__))' -DUSE_HAL_DRIVER -DSTM32L486xx -I"C:/Users/adamiens/Documents/GitHub/Smart-DSLR-Remote-2/Firmware/Core/Inc" -I"C:/Users/adamiens/Documents/GitHub/Smart-DSLR-Remote-2/Firmware/Drivers/STM32L4xx_HAL_Driver/Inc" -I"C:/Users/adamiens/Documents/GitHub/Smart-DSLR-Remote-2/Firmware/Drivers/STM32L4xx_HAL_Driver/Inc/Legacy" -I"C:/Users/adamiens/Documents/GitHub/Smart-DSLR-Remote-2/Firmware/Drivers/CMSIS/Device/ST/STM32L4xx/Include" -I"C:/Users/adamiens/Documents/GitHub/Smart-DSLR-Remote-2/Firmware/Drivers/CMSIS/Include"  -Og -g3 -Wall -fmessage-length=0 -ffunction-sections -c -fmessage-length=0 -MMD -MP -MF"Core/Src/main.d" -MT"Core/Src/main.o" -o "Core/Src/main.o" "../Core/Src/main.c"
Finished building: ../Core/Src/main.c
 
Building target: Firmware.elf
Invoking: MCU GCC Linker
arm-none-eabi-gcc -mcpu=cortex-m4 -mthumb -mfloat-abi=hard -mfpu=fpv4-sp-d16 -specs=nosys.specs -specs=nano.specs -T"../STM32L486RGTx_FLASH.ld" -Wl,-Map=output.map -Wl,--gc-sections -o "Firmware.elf" @"objects.list"   -lm
Finished building target: Firmware.elf
 
make --no-print-directory post-build
Generating hex and Printing size information:
arm-none-eabi-objcopy -O ihex "Firmware.elf" "Firmware.hex"
arm-none-eabi-size "Firmware.elf"
   text	   data	    bss	    dec	    hex	filename
  15936	     24	   2240	  18200	   4718	Firmware.elf
 
15:07:49 **** Incremental Build of configuration Debug for project Firmware ****
make all 
Building file: ../Core/Src/main.c
Invoking: MCU GCC Compiler
C:\Users\adamiens\Documents\GitHub\Smart-DSLR-Remote-2\Firmware\Debug
arm-none-eabi-gcc -mcpu=cortex-m4 -mthumb -mfloat-abi=hard -mfpu=fpv4-sp-d16 '-D__weak=__attribute__((weak))' '-D__packed=__attribute__((__packed__))' -DUSE_HAL_DRIVER -DSTM32L486xx -I"C:/Users/adamiens/Documents/GitHub/Smart-DSLR-Remote-2/Firmware/Core/Inc" -I"C:/Users/adamiens/Documents/GitHub/Smart-DSLR-Remote-2/Firmware/Drivers/STM32L4xx_HAL_Driver/Inc" -I"C:/Users/adamiens/Documents/GitHub/Smart-DSLR-Remote-2/Firmware/Drivers/STM32L4xx_HAL_Driver/Inc/Legacy" -I"C:/Users/adamiens/Documents/GitHub/Smart-DSLR-Remote-2/Firmware/Drivers/CMSIS/Device/ST/STM32L4xx/Include" -I"C:/Users/adamiens/Documents/GitHub/Smart-DSLR-Remote-2/Firmware/Drivers/CMSIS/Include"  -Og -g3 -Wall -fmessage-length=0 -ffunction-sections -c -fmessage-length=0 -MMD -MP -MF"Core/Src/main.d" -MT"Core/Src/main.o" -o "Core/Src/main.o" "../Core/Src/main.c"
Finished building: ../Core/Src/main.c
 
Building target: Firmware.elf
Invoking: MCU GCC Linker
arm-none-eabi-gcc -mcpu=cortex-m4 -mthumb -mfloat-abi=hard -mfpu=fpv4-sp-d16 -specs=nosys.specs -specs=nano.specs -T"../STM32L486RGTx_FLASH.ld" -Wl,-Map=output.map -Wl,--gc-sections -o "Firmware.elf" @"objects.list"   -lm
Finished building target: Firmware.elf
 
make --no-print-directory post-build
Generating hex and Printing size information:
arm-none-eabi-objcopy -O ihex "Firmware.elf" "Firmware.hex"
arm-none-eabi-size "Firmware.elf"
   text	   data	    bss	    dec	    hex	filename
  15944	     24	   2240	  18208	   4720	Firmware.elf
 
15:17:37 **** Incremental Build of configuration Debug for project Firmware ****
make all 
Building file: ../Drivers/STM32L4xx_HAL_Driver/Src/stm32l4xx_hal.c
Invoking: MCU GCC Compiler
C:\Users\adamiens\Documents\GitHub\Smart-DSLR-Remote-2\Firmware\Debug
arm-none-eabi-gcc -mcpu=cortex-m4 -mthumb -mfloat-abi=hard -mfpu=fpv4-sp-d16 '-D__weak=__attribute__((weak))' '-D__packed=__attribute__((__packed__))' -DUSE_HAL_DRIVER -DSTM32L486xx -I"C:/Users/adamiens/Documents/GitHub/Smart-DSLR-Remote-2/Firmware/Core/Inc" -I"C:/Users/adamiens/Documents/GitHub/Smart-DSLR-Remote-2/Firmware/Drivers/STM32L4xx_HAL_Driver/Inc" -I"C:/Users/adamiens/Documents/GitHub/Smart-DSLR-Remote-2/Firmware/Drivers/STM32L4xx_HAL_Driver/Inc/Legacy" -I"C:/Users/adamiens/Documents/GitHub/Smart-DSLR-Remote-2/Firmware/Drivers/CMSIS/Device/ST/STM32L4xx/Include" -I"C:/Users/adamiens/Documents/GitHub/Smart-DSLR-Remote-2/Firmware/Drivers/CMSIS/Include"  -Og -g3 -Wall -fmessage-length=0 -ffunction-sections -c -fmessage-length=0 -MMD -MP -MF"Drivers/STM32L4xx_HAL_Driver/Src/stm32l4xx_hal.d" -MT"Drivers/STM32L4xx_HAL_Driver/Src/stm32l4xx_hal.o" -o "Drivers/STM32L4xx_HAL_Driver/Src/stm32l4xx_hal.o" "../Drivers/STM32L4xx_HAL_Driver/Src/stm32l4xx_hal.c"
Finished building: ../Drivers/STM32L4xx_HAL_Driver/Src/stm32l4xx_hal.c
 
Building file: ../Drivers/STM32L4xx_HAL_Driver/Src/stm32l4xx_hal_adc.c
Invoking: MCU GCC Compiler
C:\Users\adamiens\Documents\GitHub\Smart-DSLR-Remote-2\Firmware\Debug
arm-none-eabi-gcc -mcpu=cortex-m4 -mthumb -mfloat-abi=hard -mfpu=fpv4-sp-d16 '-D__weak=__attribute__((weak))' '-D__packed=__attribute__((__packed__))' -DUSE_HAL_DRIVER -DSTM32L486xx -I"C:/Users/adamiens/Documents/GitHub/Smart-DSLR-Remote-2/Firmware/Core/Inc" -I"C:/Users/adamiens/Documents/GitHub/Smart-DSLR-Remote-2/Firmware/Drivers/STM32L4xx_HAL_Driver/Inc" -I"C:/Users/adamiens/Documents/GitHub/Smart-DSLR-Remote-2/Firmware/Drivers/STM32L4xx_HAL_Driver/Inc/Legacy" -I"C:/Users/adamiens/Documents/GitHub/Smart-DSLR-Remote-2/Firmware/Drivers/CMSIS/Device/ST/STM32L4xx/Include" -I"C:/Users/adamiens/Documents/GitHub/Smart-DSLR-Remote-2/Firmware/Drivers/CMSIS/Include"  -Og -g3 -Wall -fmessage-length=0 -ffunction-sections -c -fmessage-length=0 -MMD -MP -MF"Drivers/STM32L4xx_HAL_Driver/Src/stm32l4xx_hal_adc.d" -MT"Drivers/STM32L4xx_HAL_Driver/Src/stm32l4xx_hal_adc.o" -o "Drivers/STM32L4xx_HAL_Driver/Src/stm32l4xx_hal_adc.o" "../Drivers/STM32L4xx_HAL_Driver/Src/stm32l4xx_hal_adc.c"
Finished building: ../Drivers/STM32L4xx_HAL_Driver/Src/stm32l4xx_hal_adc.c
 
Building file: ../Drivers/STM32L4xx_HAL_Driver/Src/stm32l4xx_hal_adc_ex.c
Invoking: MCU GCC Compiler
C:\Users\adamiens\Documents\GitHub\Smart-DSLR-Remote-2\Firmware\Debug
arm-none-eabi-gcc -mcpu=cortex-m4 -mthumb -mfloat-abi=hard -mfpu=fpv4-sp-d16 '-D__weak=__attribute__((weak))' '-D__packed=__attribute__((__packed__))' -DUSE_HAL_DRIVER -DSTM32L486xx -I"C:/Users/adamiens/Documents/GitHub/Smart-DSLR-Remote-2/Firmware/Core/Inc" -I"C:/Users/adamiens/Documents/GitHub/Smart-DSLR-Remote-2/Firmware/Drivers/STM32L4xx_HAL_Driver/Inc" -I"C:/Users/adamiens/Documents/GitHub/Smart-DSLR-Remote-2/Firmware/Drivers/STM32L4xx_HAL_Driver/Inc/Legacy" -I"C:/Users/adamiens/Documents/GitHub/Smart-DSLR-Remote-2/Firmware/Drivers/CMSIS/Device/ST/STM32L4xx/Include" -I"C:/Users/adamiens/Documents/GitHub/Smart-DSLR-Remote-2/Firmware/Drivers/CMSIS/Include"  -Og -g3 -Wall -fmessage-length=0 -ffunction-sections -c -fmessage-length=0 -MMD -MP -MF"Drivers/STM32L4xx_HAL_Driver/Src/stm32l4xx_hal_adc_ex.d" -MT"Drivers/STM32L4xx_HAL_Driver/Src/stm32l4xx_hal_adc_ex.o" -o "Drivers/STM32L4xx_HAL_Driver/Src/stm32l4xx_hal_adc_ex.o" "../Drivers/STM32L4xx_HAL_Driver/Src/stm32l4xx_hal_adc_ex.c"
Finished building: ../Drivers/STM32L4xx_HAL_Driver/Src/stm32l4xx_hal_adc_ex.c
 
Building file: ../Drivers/STM32L4xx_HAL_Driver/Src/stm32l4xx_hal_comp.c
Invoking: MCU GCC Compiler
C:\Users\adamiens\Documents\GitHub\Smart-DSLR-Remote-2\Firmware\Debug
arm-none-eabi-gcc -mcpu=cortex-m4 -mthumb -mfloat-abi=hard -mfpu=fpv4-sp-d16 '-D__weak=__attribute__((weak))' '-D__packed=__attribute__((__packed__))' -DUSE_HAL_DRIVER -DSTM32L486xx -I"C:/Users/adamiens/Documents/GitHub/Smart-DSLR-Remote-2/Firmware/Core/Inc" -I"C:/Users/adamiens/Documents/GitHub/Smart-DSLR-Remote-2/Firmware/Drivers/STM32L4xx_HAL_Driver/Inc" -I"C:/Users/adamiens/Documents/GitHub/Smart-DSLR-Remote-2/Firmware/Drivers/STM32L4xx_HAL_Driver/Inc/Legacy" -I"C:/Users/adamiens/Documents/GitHub/Smart-DSLR-Remote-2/Firmware/Drivers/CMSIS/Device/ST/STM32L4xx/Include" -I"C:/Users/adamiens/Documents/GitHub/Smart-DSLR-Remote-2/Firmware/Drivers/CMSIS/Include"  -Og -g3 -Wall -fmessage-length=0 -ffunction-sections -c -fmessage-length=0 -MMD -MP -MF"Drivers/STM32L4xx_HAL_Driver/Src/stm32l4xx_hal_comp.d" -MT"Drivers/STM32L4xx_HAL_Driver/Src/stm32l4xx_hal_comp.o" -o "Drivers/STM32L4xx_HAL_Driver/Src/stm32l4xx_hal_comp.o" "../Drivers/STM32L4xx_HAL_Driver/Src/stm32l4xx_hal_comp.c"
Finished building: ../Drivers/STM32L4xx_HAL_Driver/Src/stm32l4xx_hal_comp.c
 
Building file: ../Drivers/STM32L4xx_HAL_Driver/Src/stm32l4xx_hal_cortex.c
Invoking: MCU GCC Compiler
C:\Users\adamiens\Documents\GitHub\Smart-DSLR-Remote-2\Firmware\Debug
arm-none-eabi-gcc -mcpu=cortex-m4 -mthumb -mfloat-abi=hard -mfpu=fpv4-sp-d16 '-D__weak=__attribute__((weak))' '-D__packed=__attribute__((__packed__))' -DUSE_HAL_DRIVER -DSTM32L486xx -I"C:/Users/adamiens/Documents/GitHub/Smart-DSLR-Remote-2/Firmware/Core/Inc" -I"C:/Users/adamiens/Documents/GitHub/Smart-DSLR-Remote-2/Firmware/Drivers/STM32L4xx_HAL_Driver/Inc" -I"C:/Users/adamiens/Documents/GitHub/Smart-DSLR-Remote-2/Firmware/Drivers/STM32L4xx_HAL_Driver/Inc/Legacy" -I"C:/Users/adamiens/Documents/GitHub/Smart-DSLR-Remote-2/Firmware/Drivers/CMSIS/Device/ST/STM32L4xx/Include" -I"C:/Users/adamiens/Documents/GitHub/Smart-DSLR-Remote-2/Firmware/Drivers/CMSIS/Include"  -Og -g3 -Wall -fmessage-length=0 -ffunction-sections -c -fmessage-length=0 -MMD -MP -MF"Drivers/STM32L4xx_HAL_Driver/Src/stm32l4xx_hal_cortex.d" -MT"Drivers/STM32L4xx_HAL_Driver/Src/stm32l4xx_hal_cortex.o" -o "Drivers/STM32L4xx_HAL_Driver/Src/stm32l4xx_hal_cortex.o" "../Drivers/STM32L4xx_HAL_Driver/Src/stm32l4xx_hal_cortex.c"
Finished building: ../Drivers/STM32L4xx_HAL_Driver/Src/stm32l4xx_hal_cortex.c
 
Building file: ../Drivers/STM32L4xx_HAL_Driver/Src/stm32l4xx_hal_dac.c
Invoking: MCU GCC Compiler
C:\Users\adamiens\Documents\GitHub\Smart-DSLR-Remote-2\Firmware\Debug
arm-none-eabi-gcc -mcpu=cortex-m4 -mthumb -mfloat-abi=hard -mfpu=fpv4-sp-d16 '-D__weak=__attribute__((weak))' '-D__packed=__attribute__((__packed__))' -DUSE_HAL_DRIVER -DSTM32L486xx -I"C:/Users/adamiens/Documents/GitHub/Smart-DSLR-Remote-2/Firmware/Core/Inc" -I"C:/Users/adamiens/Documents/GitHub/Smart-DSLR-Remote-2/Firmware/Drivers/STM32L4xx_HAL_Driver/Inc" -I"C:/Users/adamiens/Documents/GitHub/Smart-DSLR-Remote-2/Firmware/Drivers/STM32L4xx_HAL_Driver/Inc/Legacy" -I"C:/Users/adamiens/Documents/GitHub/Smart-DSLR-Remote-2/Firmware/Drivers/CMSIS/Device/ST/STM32L4xx/Include" -I"C:/Users/adamiens/Documents/GitHub/Smart-DSLR-Remote-2/Firmware/Drivers/CMSIS/Include"  -Og -g3 -Wall -fmessage-length=0 -ffunction-sections -c -fmessage-length=0 -MMD -MP -MF"Drivers/STM32L4xx_HAL_Driver/Src/stm32l4xx_hal_dac.d" -MT"Drivers/STM32L4xx_HAL_Driver/Src/stm32l4xx_hal_dac.o" -o "Drivers/STM32L4xx_HAL_Driver/Src/stm32l4xx_hal_dac.o" "../Drivers/STM32L4xx_HAL_Driver/Src/stm32l4xx_hal_dac.c"
Finished building: ../Drivers/STM32L4xx_HAL_Driver/Src/stm32l4xx_hal_dac.c
 
Building file: ../Drivers/STM32L4xx_HAL_Driver/Src/stm32l4xx_hal_dac_ex.c
Invoking: MCU GCC Compiler
C:\Users\adamiens\Documents\GitHub\Smart-DSLR-Remote-2\Firmware\Debug
arm-none-eabi-gcc -mcpu=cortex-m4 -mthumb -mfloat-abi=hard -mfpu=fpv4-sp-d16 '-D__weak=__attribute__((weak))' '-D__packed=__attribute__((__packed__))' -DUSE_HAL_DRIVER -DSTM32L486xx -I"C:/Users/adamiens/Documents/GitHub/Smart-DSLR-Remote-2/Firmware/Core/Inc" -I"C:/Users/adamiens/Documents/GitHub/Smart-DSLR-Remote-2/Firmware/Drivers/STM32L4xx_HAL_Driver/Inc" -I"C:/Users/adamiens/Documents/GitHub/Smart-DSLR-Remote-2/Firmware/Drivers/STM32L4xx_HAL_Driver/Inc/Legacy" -I"C:/Users/adamiens/Documents/GitHub/Smart-DSLR-Remote-2/Firmware/Drivers/CMSIS/Device/ST/STM32L4xx/Include" -I"C:/Users/adamiens/Documents/GitHub/Smart-DSLR-Remote-2/Firmware/Drivers/CMSIS/Include"  -Og -g3 -Wall -fmessage-length=0 -ffunction-sections -c -fmessage-length=0 -MMD -MP -MF"Drivers/STM32L4xx_HAL_Driver/Src/stm32l4xx_hal_dac_ex.d" -MT"Drivers/STM32L4xx_HAL_Driver/Src/stm32l4xx_hal_dac_ex.o" -o "Drivers/STM32L4xx_HAL_Driver/Src/stm32l4xx_hal_dac_ex.o" "../Drivers/STM32L4xx_HAL_Driver/Src/stm32l4xx_hal_dac_ex.c"
Finished building: ../Drivers/STM32L4xx_HAL_Driver/Src/stm32l4xx_hal_dac_ex.c
 
Building file: ../Drivers/STM32L4xx_HAL_Driver/Src/stm32l4xx_hal_dma.c
Invoking: MCU GCC Compiler
C:\Users\adamiens\Documents\GitHub\Smart-DSLR-Remote-2\Firmware\Debug
arm-none-eabi-gcc -mcpu=cortex-m4 -mthumb -mfloat-abi=hard -mfpu=fpv4-sp-d16 '-D__weak=__attribute__((weak))' '-D__packed=__attribute__((__packed__))' -DUSE_HAL_DRIVER -DSTM32L486xx -I"C:/Users/adamiens/Documents/GitHub/Smart-DSLR-Remote-2/Firmware/Core/Inc" -I"C:/Users/adamiens/Documents/GitHub/Smart-DSLR-Remote-2/Firmware/Drivers/STM32L4xx_HAL_Driver/Inc" -I"C:/Users/adamiens/Documents/GitHub/Smart-DSLR-Remote-2/Firmware/Drivers/STM32L4xx_HAL_Driver/Inc/Legacy" -I"C:/Users/adamiens/Documents/GitHub/Smart-DSLR-Remote-2/Firmware/Drivers/CMSIS/Device/ST/STM32L4xx/Include" -I"C:/Users/adamiens/Documents/GitHub/Smart-DSLR-Remote-2/Firmware/Drivers/CMSIS/Include"  -Og -g3 -Wall -fmessage-length=0 -ffunction-sections -c -fmessage-length=0 -MMD -MP -MF"Drivers/STM32L4xx_HAL_Driver/Src/stm32l4xx_hal_dma.d" -MT"Drivers/STM32L4xx_HAL_Driver/Src/stm32l4xx_hal_dma.o" -o "Drivers/STM32L4xx_HAL_Driver/Src/stm32l4xx_hal_dma.o" "../Drivers/STM32L4xx_HAL_Driver/Src/stm32l4xx_hal_dma.c"
Finished building: ../Drivers/STM32L4xx_HAL_Driver/Src/stm32l4xx_hal_dma.c
 
Building file: ../Drivers/STM32L4xx_HAL_Driver/Src/stm32l4xx_hal_dma_ex.c
Invoking: MCU GCC Compiler
C:\Users\adamiens\Documents\GitHub\Smart-DSLR-Remote-2\Firmware\Debug
arm-none-eabi-gcc -mcpu=cortex-m4 -mthumb -mfloat-abi=hard -mfpu=fpv4-sp-d16 '-D__weak=__attribute__((weak))' '-D__packed=__attribute__((__packed__))' -DUSE_HAL_DRIVER -DSTM32L486xx -I"C:/Users/adamiens/Documents/GitHub/Smart-DSLR-Remote-2/Firmware/Core/Inc" -I"C:/Users/adamiens/Documents/GitHub/Smart-DSLR-Remote-2/Firmware/Drivers/STM32L4xx_HAL_Driver/Inc" -I"C:/Users/adamiens/Documents/GitHub/Smart-DSLR-Remote-2/Firmware/Drivers/STM32L4xx_HAL_Driver/Inc/Legacy" -I"C:/Users/adamiens/Documents/GitHub/Smart-DSLR-Remote-2/Firmware/Drivers/CMSIS/Device/ST/STM32L4xx/Include" -I"C:/Users/adamiens/Documents/GitHub/Smart-DSLR-Remote-2/Firmware/Drivers/CMSIS/Include"  -Og -g3 -Wall -fmessage-length=0 -ffunction-sections -c -fmessage-length=0 -MMD -MP -MF"Drivers/STM32L4xx_HAL_Driver/Src/stm32l4xx_hal_dma_ex.d" -MT"Drivers/STM32L4xx_HAL_Driver/Src/stm32l4xx_hal_dma_ex.o" -o "Drivers/STM32L4xx_HAL_Driver/Src/stm32l4xx_hal_dma_ex.o" "../Drivers/STM32L4xx_HAL_Driver/Src/stm32l4xx_hal_dma_ex.c"
Finished building: ../Drivers/STM32L4xx_HAL_Driver/Src/stm32l4xx_hal_dma_ex.c
 
Building file: ../Drivers/STM32L4xx_HAL_Driver/Src/stm32l4xx_hal_flash.c
Invoking: MCU GCC Compiler
C:\Users\adamiens\Documents\GitHub\Smart-DSLR-Remote-2\Firmware\Debug
arm-none-eabi-gcc -mcpu=cortex-m4 -mthumb -mfloat-abi=hard -mfpu=fpv4-sp-d16 '-D__weak=__attribute__((weak))' '-D__packed=__attribute__((__packed__))' -DUSE_HAL_DRIVER -DSTM32L486xx -I"C:/Users/adamiens/Documents/GitHub/Smart-DSLR-Remote-2/Firmware/Core/Inc" -I"C:/Users/adamiens/Documents/GitHub/Smart-DSLR-Remote-2/Firmware/Drivers/STM32L4xx_HAL_Driver/Inc" -I"C:/Users/adamiens/Documents/GitHub/Smart-DSLR-Remote-2/Firmware/Drivers/STM32L4xx_HAL_Driver/Inc/Legacy" -I"C:/Users/adamiens/Documents/GitHub/Smart-DSLR-Remote-2/Firmware/Drivers/CMSIS/Device/ST/STM32L4xx/Include" -I"C:/Users/adamiens/Documents/GitHub/Smart-DSLR-Remote-2/Firmware/Drivers/CMSIS/Include"  -Og -g3 -Wall -fmessage-length=0 -ffunction-sections -c -fmessage-length=0 -MMD -MP -MF"Drivers/STM32L4xx_HAL_Driver/Src/stm32l4xx_hal_flash.d" -MT"Drivers/STM32L4xx_HAL_Driver/Src/stm32l4xx_hal_flash.o" -o "Drivers/STM32L4xx_HAL_Driver/Src/stm32l4xx_hal_flash.o" "../Drivers/STM32L4xx_HAL_Driver/Src/stm32l4xx_hal_flash.c"
Finished building: ../Drivers/STM32L4xx_HAL_Driver/Src/stm32l4xx_hal_flash.c
 
Building file: ../Drivers/STM32L4xx_HAL_Driver/Src/stm32l4xx_hal_flash_ex.c
Invoking: MCU GCC Compiler
C:\Users\adamiens\Documents\GitHub\Smart-DSLR-Remote-2\Firmware\Debug
arm-none-eabi-gcc -mcpu=cortex-m4 -mthumb -mfloat-abi=hard -mfpu=fpv4-sp-d16 '-D__weak=__attribute__((weak))' '-D__packed=__attribute__((__packed__))' -DUSE_HAL_DRIVER -DSTM32L486xx -I"C:/Users/adamiens/Documents/GitHub/Smart-DSLR-Remote-2/Firmware/Core/Inc" -I"C:/Users/adamiens/Documents/GitHub/Smart-DSLR-Remote-2/Firmware/Drivers/STM32L4xx_HAL_Driver/Inc" -I"C:/Users/adamiens/Documents/GitHub/Smart-DSLR-Remote-2/Firmware/Drivers/STM32L4xx_HAL_Driver/Inc/Legacy" -I"C:/Users/adamiens/Documents/GitHub/Smart-DSLR-Remote-2/Firmware/Drivers/CMSIS/Device/ST/STM32L4xx/Include" -I"C:/Users/adamiens/Documents/GitHub/Smart-DSLR-Remote-2/Firmware/Drivers/CMSIS/Include"  -Og -g3 -Wall -fmessage-length=0 -ffunction-sections -c -fmessage-length=0 -MMD -MP -MF"Drivers/STM32L4xx_HAL_Driver/Src/stm32l4xx_hal_flash_ex.d" -MT"Drivers/STM32L4xx_HAL_Driver/Src/stm32l4xx_hal_flash_ex.o" -o "Drivers/STM32L4xx_HAL_Driver/Src/stm32l4xx_hal_flash_ex.o" "../Drivers/STM32L4xx_HAL_Driver/Src/stm32l4xx_hal_flash_ex.c"
Finished building: ../Drivers/STM32L4xx_HAL_Driver/Src/stm32l4xx_hal_flash_ex.c
 
Building file: ../Drivers/STM32L4xx_HAL_Driver/Src/stm32l4xx_hal_flash_ramfunc.c
Invoking: MCU GCC Compiler
C:\Users\adamiens\Documents\GitHub\Smart-DSLR-Remote-2\Firmware\Debug
arm-none-eabi-gcc -mcpu=cortex-m4 -mthumb -mfloat-abi=hard -mfpu=fpv4-sp-d16 '-D__weak=__attribute__((weak))' '-D__packed=__attribute__((__packed__))' -DUSE_HAL_DRIVER -DSTM32L486xx -I"C:/Users/adamiens/Documents/GitHub/Smart-DSLR-Remote-2/Firmware/Core/Inc" -I"C:/Users/adamiens/Documents/GitHub/Smart-DSLR-Remote-2/Firmware/Drivers/STM32L4xx_HAL_Driver/Inc" -I"C:/Users/adamiens/Documents/GitHub/Smart-DSLR-Remote-2/Firmware/Drivers/STM32L4xx_HAL_Driver/Inc/Legacy" -I"C:/Users/adamiens/Documents/GitHub/Smart-DSLR-Remote-2/Firmware/Drivers/CMSIS/Device/ST/STM32L4xx/Include" -I"C:/Users/adamiens/Documents/GitHub/Smart-DSLR-Remote-2/Firmware/Drivers/CMSIS/Include"  -Og -g3 -Wall -fmessage-length=0 -ffunction-sections -c -fmessage-length=0 -MMD -MP -MF"Drivers/STM32L4xx_HAL_Driver/Src/stm32l4xx_hal_flash_ramfunc.d" -MT"Drivers/STM32L4xx_HAL_Driver/Src/stm32l4xx_hal_flash_ramfunc.o" -o "Drivers/STM32L4xx_HAL_Driver/Src/stm32l4xx_hal_flash_ramfunc.o" "../Drivers/STM32L4xx_HAL_Driver/Src/stm32l4xx_hal_flash_ramfunc.c"
Finished building: ../Drivers/STM32L4xx_HAL_Driver/Src/stm32l4xx_hal_flash_ramfunc.c
 
Building file: ../Drivers/STM32L4xx_HAL_Driver/Src/stm32l4xx_hal_gpio.c
Invoking: MCU GCC Compiler
C:\Users\adamiens\Documents\GitHub\Smart-DSLR-Remote-2\Firmware\Debug
arm-none-eabi-gcc -mcpu=cortex-m4 -mthumb -mfloat-abi=hard -mfpu=fpv4-sp-d16 '-D__weak=__attribute__((weak))' '-D__packed=__attribute__((__packed__))' -DUSE_HAL_DRIVER -DSTM32L486xx -I"C:/Users/adamiens/Documents/GitHub/Smart-DSLR-Remote-2/Firmware/Core/Inc" -I"C:/Users/adamiens/Documents/GitHub/Smart-DSLR-Remote-2/Firmware/Drivers/STM32L4xx_HAL_Driver/Inc" -I"C:/Users/adamiens/Documents/GitHub/Smart-DSLR-Remote-2/Firmware/Drivers/STM32L4xx_HAL_Driver/Inc/Legacy" -I"C:/Users/adamiens/Documents/GitHub/Smart-DSLR-Remote-2/Firmware/Drivers/CMSIS/Device/ST/STM32L4xx/Include" -I"C:/Users/adamiens/Documents/GitHub/Smart-DSLR-Remote-2/Firmware/Drivers/CMSIS/Include"  -Og -g3 -Wall -fmessage-length=0 -ffunction-sections -c -fmessage-length=0 -MMD -MP -MF"Drivers/STM32L4xx_HAL_Driver/Src/stm32l4xx_hal_gpio.d" -MT"Drivers/STM32L4xx_HAL_Driver/Src/stm32l4xx_hal_gpio.o" -o "Drivers/STM32L4xx_HAL_Driver/Src/stm32l4xx_hal_gpio.o" "../Drivers/STM32L4xx_HAL_Driver/Src/stm32l4xx_hal_gpio.c"
Finished building: ../Drivers/STM32L4xx_HAL_Driver/Src/stm32l4xx_hal_gpio.c
 
Building file: ../Drivers/STM32L4xx_HAL_Driver/Src/stm32l4xx_hal_i2c.c
Invoking: MCU GCC Compiler
C:\Users\adamiens\Documents\GitHub\Smart-DSLR-Remote-2\Firmware\Debug
arm-none-eabi-gcc -mcpu=cortex-m4 -mthumb -mfloat-abi=hard -mfpu=fpv4-sp-d16 '-D__weak=__attribute__((weak))' '-D__packed=__attribute__((__packed__))' -DUSE_HAL_DRIVER -DSTM32L486xx -I"C:/Users/adamiens/Documents/GitHub/Smart-DSLR-Remote-2/Firmware/Core/Inc" -I"C:/Users/adamiens/Documents/GitHub/Smart-DSLR-Remote-2/Firmware/Drivers/STM32L4xx_HAL_Driver/Inc" -I"C:/Users/adamiens/Documents/GitHub/Smart-DSLR-Remote-2/Firmware/Drivers/STM32L4xx_HAL_Driver/Inc/Legacy" -I"C:/Users/adamiens/Documents/GitHub/Smart-DSLR-Remote-2/Firmware/Drivers/CMSIS/Device/ST/STM32L4xx/Include" -I"C:/Users/adamiens/Documents/GitHub/Smart-DSLR-Remote-2/Firmware/Drivers/CMSIS/Include"  -Og -g3 -Wall -fmessage-length=0 -ffunction-sections -c -fmessage-length=0 -MMD -MP -MF"Drivers/STM32L4xx_HAL_Driver/Src/stm32l4xx_hal_i2c.d" -MT"Drivers/STM32L4xx_HAL_Driver/Src/stm32l4xx_hal_i2c.o" -o "Drivers/STM32L4xx_HAL_Driver/Src/stm32l4xx_hal_i2c.o" "../Drivers/STM32L4xx_HAL_Driver/Src/stm32l4xx_hal_i2c.c"
Finished building: ../Drivers/STM32L4xx_HAL_Driver/Src/stm32l4xx_hal_i2c.c
 
Building file: ../Drivers/STM32L4xx_HAL_Driver/Src/stm32l4xx_hal_i2c_ex.c
Invoking: MCU GCC Compiler
C:\Users\adamiens\Documents\GitHub\Smart-DSLR-Remote-2\Firmware\Debug
arm-none-eabi-gcc -mcpu=cortex-m4 -mthumb -mfloat-abi=hard -mfpu=fpv4-sp-d16 '-D__weak=__attribute__((weak))' '-D__packed=__attribute__((__packed__))' -DUSE_HAL_DRIVER -DSTM32L486xx -I"C:/Users/adamiens/Documents/GitHub/Smart-DSLR-Remote-2/Firmware/Core/Inc" -I"C:/Users/adamiens/Documents/GitHub/Smart-DSLR-Remote-2/Firmware/Drivers/STM32L4xx_HAL_Driver/Inc" -I"C:/Users/adamiens/Documents/GitHub/Smart-DSLR-Remote-2/Firmware/Drivers/STM32L4xx_HAL_Driver/Inc/Legacy" -I"C:/Users/adamiens/Documents/GitHub/Smart-DSLR-Remote-2/Firmware/Drivers/CMSIS/Device/ST/STM32L4xx/Include" -I"C:/Users/adamiens/Documents/GitHub/Smart-DSLR-Remote-2/Firmware/Drivers/CMSIS/Include"  -Og -g3 -Wall -fmessage-length=0 -ffunction-sections -c -fmessage-length=0 -MMD -MP -MF"Drivers/STM32L4xx_HAL_Driver/Src/stm32l4xx_hal_i2c_ex.d" -MT"Drivers/STM32L4xx_HAL_Driver/Src/stm32l4xx_hal_i2c_ex.o" -o "Drivers/STM32L4xx_HAL_Driver/Src/stm32l4xx_hal_i2c_ex.o" "../Drivers/STM32L4xx_HAL_Driver/Src/stm32l4xx_hal_i2c_ex.c"
Finished building: ../Drivers/STM32L4xx_HAL_Driver/Src/stm32l4xx_hal_i2c_ex.c
 
Building file: ../Drivers/STM32L4xx_HAL_Driver/Src/stm32l4xx_hal_pwr.c
Invoking: MCU GCC Compiler
C:\Users\adamiens\Documents\GitHub\Smart-DSLR-Remote-2\Firmware\Debug
arm-none-eabi-gcc -mcpu=cortex-m4 -mthumb -mfloat-abi=hard -mfpu=fpv4-sp-d16 '-D__weak=__attribute__((weak))' '-D__packed=__attribute__((__packed__))' -DUSE_HAL_DRIVER -DSTM32L486xx -I"C:/Users/adamiens/Documents/GitHub/Smart-DSLR-Remote-2/Firmware/Core/Inc" -I"C:/Users/adamiens/Documents/GitHub/Smart-DSLR-Remote-2/Firmware/Drivers/STM32L4xx_HAL_Driver/Inc" -I"C:/Users/adamiens/Documents/GitHub/Smart-DSLR-Remote-2/Firmware/Drivers/STM32L4xx_HAL_Driver/Inc/Legacy" -I"C:/Users/adamiens/Documents/GitHub/Smart-DSLR-Remote-2/Firmware/Drivers/CMSIS/Device/ST/STM32L4xx/Include" -I"C:/Users/adamiens/Documents/GitHub/Smart-DSLR-Remote-2/Firmware/Drivers/CMSIS/Include"  -Og -g3 -Wall -fmessage-length=0 -ffunction-sections -c -fmessage-length=0 -MMD -MP -MF"Drivers/STM32L4xx_HAL_Driver/Src/stm32l4xx_hal_pwr.d" -MT"Drivers/STM32L4xx_HAL_Driver/Src/stm32l4xx_hal_pwr.o" -o "Drivers/STM32L4xx_HAL_Driver/Src/stm32l4xx_hal_pwr.o" "../Drivers/STM32L4xx_HAL_Driver/Src/stm32l4xx_hal_pwr.c"
Finished building: ../Drivers/STM32L4xx_HAL_Driver/Src/stm32l4xx_hal_pwr.c
 
Building file: ../Drivers/STM32L4xx_HAL_Driver/Src/stm32l4xx_hal_pwr_ex.c
Invoking: MCU GCC Compiler
C:\Users\adamiens\Documents\GitHub\Smart-DSLR-Remote-2\Firmware\Debug
arm-none-eabi-gcc -mcpu=cortex-m4 -mthumb -mfloat-abi=hard -mfpu=fpv4-sp-d16 '-D__weak=__attribute__((weak))' '-D__packed=__attribute__((__packed__))' -DUSE_HAL_DRIVER -DSTM32L486xx -I"C:/Users/adamiens/Documents/GitHub/Smart-DSLR-Remote-2/Firmware/Core/Inc" -I"C:/Users/adamiens/Documents/GitHub/Smart-DSLR-Remote-2/Firmware/Drivers/STM32L4xx_HAL_Driver/Inc" -I"C:/Users/adamiens/Documents/GitHub/Smart-DSLR-Remote-2/Firmware/Drivers/STM32L4xx_HAL_Driver/Inc/Legacy" -I"C:/Users/adamiens/Documents/GitHub/Smart-DSLR-Remote-2/Firmware/Drivers/CMSIS/Device/ST/STM32L4xx/Include" -I"C:/Users/adamiens/Documents/GitHub/Smart-DSLR-Remote-2/Firmware/Drivers/CMSIS/Include"  -Og -g3 -Wall -fmessage-length=0 -ffunction-sections -c -fmessage-length=0 -MMD -MP -MF"Drivers/STM32L4xx_HAL_Driver/Src/stm32l4xx_hal_pwr_ex.d" -MT"Drivers/STM32L4xx_HAL_Driver/Src/stm32l4xx_hal_pwr_ex.o" -o "Drivers/STM32L4xx_HAL_Driver/Src/stm32l4xx_hal_pwr_ex.o" "../Drivers/STM32L4xx_HAL_Driver/Src/stm32l4xx_hal_pwr_ex.c"
Finished building: ../Drivers/STM32L4xx_HAL_Driver/Src/stm32l4xx_hal_pwr_ex.c
 
Building file: ../Drivers/STM32L4xx_HAL_Driver/Src/stm32l4xx_hal_rcc.c
Invoking: MCU GCC Compiler
C:\Users\adamiens\Documents\GitHub\Smart-DSLR-Remote-2\Firmware\Debug
arm-none-eabi-gcc -mcpu=cortex-m4 -mthumb -mfloat-abi=hard -mfpu=fpv4-sp-d16 '-D__weak=__attribute__((weak))' '-D__packed=__attribute__((__packed__))' -DUSE_HAL_DRIVER -DSTM32L486xx -I"C:/Users/adamiens/Documents/GitHub/Smart-DSLR-Remote-2/Firmware/Core/Inc" -I"C:/Users/adamiens/Documents/GitHub/Smart-DSLR-Remote-2/Firmware/Drivers/STM32L4xx_HAL_Driver/Inc" -I"C:/Users/adamiens/Documents/GitHub/Smart-DSLR-Remote-2/Firmware/Drivers/STM32L4xx_HAL_Driver/Inc/Legacy" -I"C:/Users/adamiens/Documents/GitHub/Smart-DSLR-Remote-2/Firmware/Drivers/CMSIS/Device/ST/STM32L4xx/Include" -I"C:/Users/adamiens/Documents/GitHub/Smart-DSLR-Remote-2/Firmware/Drivers/CMSIS/Include"  -Og -g3 -Wall -fmessage-length=0 -ffunction-sections -c -fmessage-length=0 -MMD -MP -MF"Drivers/STM32L4xx_HAL_Driver/Src/stm32l4xx_hal_rcc.d" -MT"Drivers/STM32L4xx_HAL_Driver/Src/stm32l4xx_hal_rcc.o" -o "Drivers/STM32L4xx_HAL_Driver/Src/stm32l4xx_hal_rcc.o" "../Drivers/STM32L4xx_HAL_Driver/Src/stm32l4xx_hal_rcc.c"
Finished building: ../Drivers/STM32L4xx_HAL_Driver/Src/stm32l4xx_hal_rcc.c
 
Building file: ../Drivers/STM32L4xx_HAL_Driver/Src/stm32l4xx_hal_rcc_ex.c
Invoking: MCU GCC Compiler
C:\Users\adamiens\Documents\GitHub\Smart-DSLR-Remote-2\Firmware\Debug
arm-none-eabi-gcc -mcpu=cortex-m4 -mthumb -mfloat-abi=hard -mfpu=fpv4-sp-d16 '-D__weak=__attribute__((weak))' '-D__packed=__attribute__((__packed__))' -DUSE_HAL_DRIVER -DSTM32L486xx -I"C:/Users/adamiens/Documents/GitHub/Smart-DSLR-Remote-2/Firmware/Core/Inc" -I"C:/Users/adamiens/Documents/GitHub/Smart-DSLR-Remote-2/Firmware/Drivers/STM32L4xx_HAL_Driver/Inc" -I"C:/Users/adamiens/Documents/GitHub/Smart-DSLR-Remote-2/Firmware/Drivers/STM32L4xx_HAL_Driver/Inc/Legacy" -I"C:/Users/adamiens/Documents/GitHub/Smart-DSLR-Remote-2/Firmware/Drivers/CMSIS/Device/ST/STM32L4xx/Include" -I"C:/Users/adamiens/Documents/GitHub/Smart-DSLR-Remote-2/Firmware/Drivers/CMSIS/Include"  -Og -g3 -Wall -fmessage-length=0 -ffunction-sections -c -fmessage-length=0 -MMD -MP -MF"Drivers/STM32L4xx_HAL_Driver/Src/stm32l4xx_hal_rcc_ex.d" -MT"Drivers/STM32L4xx_HAL_Driver/Src/stm32l4xx_hal_rcc_ex.o" -o "Drivers/STM32L4xx_HAL_Driver/Src/stm32l4xx_hal_rcc_ex.o" "../Drivers/STM32L4xx_HAL_Driver/Src/stm32l4xx_hal_rcc_ex.c"
Finished building: ../Drivers/STM32L4xx_HAL_Driver/Src/stm32l4xx_hal_rcc_ex.c
 
Building file: ../Drivers/STM32L4xx_HAL_Driver/Src/stm32l4xx_hal_rtc.c
Invoking: MCU GCC Compiler
C:\Users\adamiens\Documents\GitHub\Smart-DSLR-Remote-2\Firmware\Debug
arm-none-eabi-gcc -mcpu=cortex-m4 -mthumb -mfloat-abi=hard -mfpu=fpv4-sp-d16 '-D__weak=__attribute__((weak))' '-D__packed=__attribute__((__packed__))' -DUSE_HAL_DRIVER -DSTM32L486xx -I"C:/Users/adamiens/Documents/GitHub/Smart-DSLR-Remote-2/Firmware/Core/Inc" -I"C:/Users/adamiens/Documents/GitHub/Smart-DSLR-Remote-2/Firmware/Drivers/STM32L4xx_HAL_Driver/Inc" -I"C:/Users/adamiens/Documents/GitHub/Smart-DSLR-Remote-2/Firmware/Drivers/STM32L4xx_HAL_Driver/Inc/Legacy" -I"C:/Users/adamiens/Documents/GitHub/Smart-DSLR-Remote-2/Firmware/Drivers/CMSIS/Device/ST/STM32L4xx/Include" -I"C:/Users/adamiens/Documents/GitHub/Smart-DSLR-Remote-2/Firmware/Drivers/CMSIS/Include"  -Og -g3 -Wall -fmessage-length=0 -ffunction-sections -c -fmessage-length=0 -MMD -MP -MF"Drivers/STM32L4xx_HAL_Driver/Src/stm32l4xx_hal_rtc.d" -MT"Drivers/STM32L4xx_HAL_Driver/Src/stm32l4xx_hal_rtc.o" -o "Drivers/STM32L4xx_HAL_Driver/Src/stm32l4xx_hal_rtc.o" "../Drivers/STM32L4xx_HAL_Driver/Src/stm32l4xx_hal_rtc.c"
Finished building: ../Drivers/STM32L4xx_HAL_Driver/Src/stm32l4xx_hal_rtc.c
 
Building file: ../Drivers/STM32L4xx_HAL_Driver/Src/stm32l4xx_hal_rtc_ex.c
Invoking: MCU GCC Compiler
C:\Users\adamiens\Documents\GitHub\Smart-DSLR-Remote-2\Firmware\Debug
arm-none-eabi-gcc -mcpu=cortex-m4 -mthumb -mfloat-abi=hard -mfpu=fpv4-sp-d16 '-D__weak=__attribute__((weak))' '-D__packed=__attribute__((__packed__))' -DUSE_HAL_DRIVER -DSTM32L486xx -I"C:/Users/adamiens/Documents/GitHub/Smart-DSLR-Remote-2/Firmware/Core/Inc" -I"C:/Users/adamiens/Documents/GitHub/Smart-DSLR-Remote-2/Firmware/Drivers/STM32L4xx_HAL_Driver/Inc" -I"C:/Users/adamiens/Documents/GitHub/Smart-DSLR-Remote-2/Firmware/Drivers/STM32L4xx_HAL_Driver/Inc/Legacy" -I"C:/Users/adamiens/Documents/GitHub/Smart-DSLR-Remote-2/Firmware/Drivers/CMSIS/Device/ST/STM32L4xx/Include" -I"C:/Users/adamiens/Documents/GitHub/Smart-DSLR-Remote-2/Firmware/Drivers/CMSIS/Include"  -Og -g3 -Wall -fmessage-length=0 -ffunction-sections -c -fmessage-length=0 -MMD -MP -MF"Drivers/STM32L4xx_HAL_Driver/Src/stm32l4xx_hal_rtc_ex.d" -MT"Drivers/STM32L4xx_HAL_Driver/Src/stm32l4xx_hal_rtc_ex.o" -o "Drivers/STM32L4xx_HAL_Driver/Src/stm32l4xx_hal_rtc_ex.o" "../Drivers/STM32L4xx_HAL_Driver/Src/stm32l4xx_hal_rtc_ex.c"
Finished building: ../Drivers/STM32L4xx_HAL_Driver/Src/stm32l4xx_hal_rtc_ex.c
 
Building file: ../Drivers/STM32L4xx_HAL_Driver/Src/stm32l4xx_hal_spi.c
Invoking: MCU GCC Compiler
C:\Users\adamiens\Documents\GitHub\Smart-DSLR-Remote-2\Firmware\Debug
arm-none-eabi-gcc -mcpu=cortex-m4 -mthumb -mfloat-abi=hard -mfpu=fpv4-sp-d16 '-D__weak=__attribute__((weak))' '-D__packed=__attribute__((__packed__))' -DUSE_HAL_DRIVER -DSTM32L486xx -I"C:/Users/adamiens/Documents/GitHub/Smart-DSLR-Remote-2/Firmware/Core/Inc" -I"C:/Users/adamiens/Documents/GitHub/Smart-DSLR-Remote-2/Firmware/Drivers/STM32L4xx_HAL_Driver/Inc" -I"C:/Users/adamiens/Documents/GitHub/Smart-DSLR-Remote-2/Firmware/Drivers/STM32L4xx_HAL_Driver/Inc/Legacy" -I"C:/Users/adamiens/Documents/GitHub/Smart-DSLR-Remote-2/Firmware/Drivers/CMSIS/Device/ST/STM32L4xx/Include" -I"C:/Users/adamiens/Documents/GitHub/Smart-DSLR-Remote-2/Firmware/Drivers/CMSIS/Include"  -Og -g3 -Wall -fmessage-length=0 -ffunction-sections -c -fmessage-length=0 -MMD -MP -MF"Drivers/STM32L4xx_HAL_Driver/Src/stm32l4xx_hal_spi.d" -MT"Drivers/STM32L4xx_HAL_Driver/Src/stm32l4xx_hal_spi.o" -o "Drivers/STM32L4xx_HAL_Driver/Src/stm32l4xx_hal_spi.o" "../Drivers/STM32L4xx_HAL_Driver/Src/stm32l4xx_hal_spi.c"
Finished building: ../Drivers/STM32L4xx_HAL_Driver/Src/stm32l4xx_hal_spi.c
 
Building file: ../Drivers/STM32L4xx_HAL_Driver/Src/stm32l4xx_hal_spi_ex.c
Invoking: MCU GCC Compiler
C:\Users\adamiens\Documents\GitHub\Smart-DSLR-Remote-2\Firmware\Debug
arm-none-eabi-gcc -mcpu=cortex-m4 -mthumb -mfloat-abi=hard -mfpu=fpv4-sp-d16 '-D__weak=__attribute__((weak))' '-D__packed=__attribute__((__packed__))' -DUSE_HAL_DRIVER -DSTM32L486xx -I"C:/Users/adamiens/Documents/GitHub/Smart-DSLR-Remote-2/Firmware/Core/Inc" -I"C:/Users/adamiens/Documents/GitHub/Smart-DSLR-Remote-2/Firmware/Drivers/STM32L4xx_HAL_Driver/Inc" -I"C:/Users/adamiens/Documents/GitHub/Smart-DSLR-Remote-2/Firmware/Drivers/STM32L4xx_HAL_Driver/Inc/Legacy" -I"C:/Users/adamiens/Documents/GitHub/Smart-DSLR-Remote-2/Firmware/Drivers/CMSIS/Device/ST/STM32L4xx/Include" -I"C:/Users/adamiens/Documents/GitHub/Smart-DSLR-Remote-2/Firmware/Drivers/CMSIS/Include"  -Og -g3 -Wall -fmessage-length=0 -ffunction-sections -c -fmessage-length=0 -MMD -MP -MF"Drivers/STM32L4xx_HAL_Driver/Src/stm32l4xx_hal_spi_ex.d" -MT"Drivers/STM32L4xx_HAL_Driver/Src/stm32l4xx_hal_spi_ex.o" -o "Drivers/STM32L4xx_HAL_Driver/Src/stm32l4xx_hal_spi_ex.o" "../Drivers/STM32L4xx_HAL_Driver/Src/stm32l4xx_hal_spi_ex.c"
Finished building: ../Drivers/STM32L4xx_HAL_Driver/Src/stm32l4xx_hal_spi_ex.c
 
Building file: ../Drivers/STM32L4xx_HAL_Driver/Src/stm32l4xx_hal_tim.c
Invoking: MCU GCC Compiler
C:\Users\adamiens\Documents\GitHub\Smart-DSLR-Remote-2\Firmware\Debug
arm-none-eabi-gcc -mcpu=cortex-m4 -mthumb -mfloat-abi=hard -mfpu=fpv4-sp-d16 '-D__weak=__attribute__((weak))' '-D__packed=__attribute__((__packed__))' -DUSE_HAL_DRIVER -DSTM32L486xx -I"C:/Users/adamiens/Documents/GitHub/Smart-DSLR-Remote-2/Firmware/Core/Inc" -I"C:/Users/adamiens/Documents/GitHub/Smart-DSLR-Remote-2/Firmware/Drivers/STM32L4xx_HAL_Driver/Inc" -I"C:/Users/adamiens/Documents/GitHub/Smart-DSLR-Remote-2/Firmware/Drivers/STM32L4xx_HAL_Driver/Inc/Legacy" -I"C:/Users/adamiens/Documents/GitHub/Smart-DSLR-Remote-2/Firmware/Drivers/CMSIS/Device/ST/STM32L4xx/Include" -I"C:/Users/adamiens/Documents/GitHub/Smart-DSLR-Remote-2/Firmware/Drivers/CMSIS/Include"  -Og -g3 -Wall -fmessage-length=0 -ffunction-sections -c -fmessage-length=0 -MMD -MP -MF"Drivers/STM32L4xx_HAL_Driver/Src/stm32l4xx_hal_tim.d" -MT"Drivers/STM32L4xx_HAL_Driver/Src/stm32l4xx_hal_tim.o" -o "Drivers/STM32L4xx_HAL_Driver/Src/stm32l4xx_hal_tim.o" "../Drivers/STM32L4xx_HAL_Driver/Src/stm32l4xx_hal_tim.c"
Finished building: ../Drivers/STM32L4xx_HAL_Driver/Src/stm32l4xx_hal_tim.c
 
Building file: ../Drivers/STM32L4xx_HAL_Driver/Src/stm32l4xx_hal_tim_ex.c
Invoking: MCU GCC Compiler
C:\Users\adamiens\Documents\GitHub\Smart-DSLR-Remote-2\Firmware\Debug
arm-none-eabi-gcc -mcpu=cortex-m4 -mthumb -mfloat-abi=hard -mfpu=fpv4-sp-d16 '-D__weak=__attribute__((weak))' '-D__packed=__attribute__((__packed__))' -DUSE_HAL_DRIVER -DSTM32L486xx -I"C:/Users/adamiens/Documents/GitHub/Smart-DSLR-Remote-2/Firmware/Core/Inc" -I"C:/Users/adamiens/Documents/GitHub/Smart-DSLR-Remote-2/Firmware/Drivers/STM32L4xx_HAL_Driver/Inc" -I"C:/Users/adamiens/Documents/GitHub/Smart-DSLR-Remote-2/Firmware/Drivers/STM32L4xx_HAL_Driver/Inc/Legacy" -I"C:/Users/adamiens/Documents/GitHub/Smart-DSLR-Remote-2/Firmware/Drivers/CMSIS/Device/ST/STM32L4xx/Include" -I"C:/Users/adamiens/Documents/GitHub/Smart-DSLR-Remote-2/Firmware/Drivers/CMSIS/Include"  -Og -g3 -Wall -fmessage-length=0 -ffunction-sections -c -fmessage-length=0 -MMD -MP -MF"Drivers/STM32L4xx_HAL_Driver/Src/stm32l4xx_hal_tim_ex.d" -MT"Drivers/STM32L4xx_HAL_Driver/Src/stm32l4xx_hal_tim_ex.o" -o "Drivers/STM32L4xx_HAL_Driver/Src/stm32l4xx_hal_tim_ex.o" "../Drivers/STM32L4xx_HAL_Driver/Src/stm32l4xx_hal_tim_ex.c"
Finished building: ../Drivers/STM32L4xx_HAL_Driver/Src/stm32l4xx_hal_tim_ex.c
 
Building file: ../Drivers/STM32L4xx_HAL_Driver/Src/stm32l4xx_hal_uart.c
Invoking: MCU GCC Compiler
C:\Users\adamiens\Documents\GitHub\Smart-DSLR-Remote-2\Firmware\Debug
arm-none-eabi-gcc -mcpu=cortex-m4 -mthumb -mfloat-abi=hard -mfpu=fpv4-sp-d16 '-D__weak=__attribute__((weak))' '-D__packed=__attribute__((__packed__))' -DUSE_HAL_DRIVER -DSTM32L486xx -I"C:/Users/adamiens/Documents/GitHub/Smart-DSLR-Remote-2/Firmware/Core/Inc" -I"C:/Users/adamiens/Documents/GitHub/Smart-DSLR-Remote-2/Firmware/Drivers/STM32L4xx_HAL_Driver/Inc" -I"C:/Users/adamiens/Documents/GitHub/Smart-DSLR-Remote-2/Firmware/Drivers/STM32L4xx_HAL_Driver/Inc/Legacy" -I"C:/Users/adamiens/Documents/GitHub/Smart-DSLR-Remote-2/Firmware/Drivers/CMSIS/Device/ST/STM32L4xx/Include" -I"C:/Users/adamiens/Documents/GitHub/Smart-DSLR-Remote-2/Firmware/Drivers/CMSIS/Include"  -Og -g3 -Wall -fmessage-length=0 -ffunction-sections -c -fmessage-length=0 -MMD -MP -MF"Drivers/STM32L4xx_HAL_Driver/Src/stm32l4xx_hal_uart.d" -MT"Drivers/STM32L4xx_HAL_Driver/Src/stm32l4xx_hal_uart.o" -o "Drivers/STM32L4xx_HAL_Driver/Src/stm32l4xx_hal_uart.o" "../Drivers/STM32L4xx_HAL_Driver/Src/stm32l4xx_hal_uart.c"
Finished building: ../Drivers/STM32L4xx_HAL_Driver/Src/stm32l4xx_hal_uart.c
 
Building file: ../Drivers/STM32L4xx_HAL_Driver/Src/stm32l4xx_hal_uart_ex.c
Invoking: MCU GCC Compiler
C:\Users\adamiens\Documents\GitHub\Smart-DSLR-Remote-2\Firmware\Debug
arm-none-eabi-gcc -mcpu=cortex-m4 -mthumb -mfloat-abi=hard -mfpu=fpv4-sp-d16 '-D__weak=__attribute__((weak))' '-D__packed=__attribute__((__packed__))' -DUSE_HAL_DRIVER -DSTM32L486xx -I"C:/Users/adamiens/Documents/GitHub/Smart-DSLR-Remote-2/Firmware/Core/Inc" -I"C:/Users/adamiens/Documents/GitHub/Smart-DSLR-Remote-2/Firmware/Drivers/STM32L4xx_HAL_Driver/Inc" -I"C:/Users/adamiens/Documents/GitHub/Smart-DSLR-Remote-2/Firmware/Drivers/STM32L4xx_HAL_Driver/Inc/Legacy" -I"C:/Users/adamiens/Documents/GitHub/Smart-DSLR-Remote-2/Firmware/Drivers/CMSIS/Device/ST/STM32L4xx/Include" -I"C:/Users/adamiens/Documents/GitHub/Smart-DSLR-Remote-2/Firmware/Drivers/CMSIS/Include"  -Og -g3 -Wall -fmessage-length=0 -ffunction-sections -c -fmessage-length=0 -MMD -MP -MF"Drivers/STM32L4xx_HAL_Driver/Src/stm32l4xx_hal_uart_ex.d" -MT"Drivers/STM32L4xx_HAL_Driver/Src/stm32l4xx_hal_uart_ex.o" -o "Drivers/STM32L4xx_HAL_Driver/Src/stm32l4xx_hal_uart_ex.o" "../Drivers/STM32L4xx_HAL_Driver/Src/stm32l4xx_hal_uart_ex.c"
Finished building: ../Drivers/STM32L4xx_HAL_Driver/Src/stm32l4xx_hal_uart_ex.c
 
Building file: ../Core/Src/main.c
Invoking: MCU GCC Compiler
C:\Users\adamiens\Documents\GitHub\Smart-DSLR-Remote-2\Firmware\Debug
arm-none-eabi-gcc -mcpu=cortex-m4 -mthumb -mfloat-abi=hard -mfpu=fpv4-sp-d16 '-D__weak=__attribute__((weak))' '-D__packed=__attribute__((__packed__))' -DUSE_HAL_DRIVER -DSTM32L486xx -I"C:/Users/adamiens/Documents/GitHub/Smart-DSLR-Remote-2/Firmware/Core/Inc" -I"C:/Users/adamiens/Documents/GitHub/Smart-DSLR-Remote-2/Firmware/Drivers/STM32L4xx_HAL_Driver/Inc" -I"C:/Users/adamiens/Documents/GitHub/Smart-DSLR-Remote-2/Firmware/Drivers/STM32L4xx_HAL_Driver/Inc/Legacy" -I"C:/Users/adamiens/Documents/GitHub/Smart-DSLR-Remote-2/Firmware/Drivers/CMSIS/Device/ST/STM32L4xx/Include" -I"C:/Users/adamiens/Documents/GitHub/Smart-DSLR-Remote-2/Firmware/Drivers/CMSIS/Include"  -Og -g3 -Wall -fmessage-length=0 -ffunction-sections -c -fmessage-length=0 -MMD -MP -MF"Core/Src/main.d" -MT"Core/Src/main.o" -o "Core/Src/main.o" "../Core/Src/main.c"
Finished building: ../Core/Src/main.c
 
Building file: ../Core/Src/stm32l4xx_hal_msp.c
Invoking: MCU GCC Compiler
C:\Users\adamiens\Documents\GitHub\Smart-DSLR-Remote-2\Firmware\Debug
arm-none-eabi-gcc -mcpu=cortex-m4 -mthumb -mfloat-abi=hard -mfpu=fpv4-sp-d16 '-D__weak=__attribute__((weak))' '-D__packed=__attribute__((__packed__))' -DUSE_HAL_DRIVER -DSTM32L486xx -I"C:/Users/adamiens/Documents/GitHub/Smart-DSLR-Remote-2/Firmware/Core/Inc" -I"C:/Users/adamiens/Documents/GitHub/Smart-DSLR-Remote-2/Firmware/Drivers/STM32L4xx_HAL_Driver/Inc" -I"C:/Users/adamiens/Documents/GitHub/Smart-DSLR-Remote-2/Firmware/Drivers/STM32L4xx_HAL_Driver/Inc/Legacy" -I"C:/Users/adamiens/Documents/GitHub/Smart-DSLR-Remote-2/Firmware/Drivers/CMSIS/Device/ST/STM32L4xx/Include" -I"C:/Users/adamiens/Documents/GitHub/Smart-DSLR-Remote-2/Firmware/Drivers/CMSIS/Include"  -Og -g3 -Wall -fmessage-length=0 -ffunction-sections -c -fmessage-length=0 -MMD -MP -MF"Core/Src/stm32l4xx_hal_msp.d" -MT"Core/Src/stm32l4xx_hal_msp.o" -o "Core/Src/stm32l4xx_hal_msp.o" "../Core/Src/stm32l4xx_hal_msp.c"
Finished building: ../Core/Src/stm32l4xx_hal_msp.c
 
Building file: ../Core/Src/stm32l4xx_it.c
Invoking: MCU GCC Compiler
C:\Users\adamiens\Documents\GitHub\Smart-DSLR-Remote-2\Firmware\Debug
arm-none-eabi-gcc -mcpu=cortex-m4 -mthumb -mfloat-abi=hard -mfpu=fpv4-sp-d16 '-D__weak=__attribute__((weak))' '-D__packed=__attribute__((__packed__))' -DUSE_HAL_DRIVER -DSTM32L486xx -I"C:/Users/adamiens/Documents/GitHub/Smart-DSLR-Remote-2/Firmware/Core/Inc" -I"C:/Users/adamiens/Documents/GitHub/Smart-DSLR-Remote-2/Firmware/Drivers/STM32L4xx_HAL_Driver/Inc" -I"C:/Users/adamiens/Documents/GitHub/Smart-DSLR-Remote-2/Firmware/Drivers/STM32L4xx_HAL_Driver/Inc/Legacy" -I"C:/Users/adamiens/Documents/GitHub/Smart-DSLR-Remote-2/Firmware/Drivers/CMSIS/Device/ST/STM32L4xx/Include" -I"C:/Users/adamiens/Documents/GitHub/Smart-DSLR-Remote-2/Firmware/Drivers/CMSIS/Include"  -Og -g3 -Wall -fmessage-length=0 -ffunction-sections -c -fmessage-length=0 -MMD -MP -MF"Core/Src/stm32l4xx_it.d" -MT"Core/Src/stm32l4xx_it.o" -o "Core/Src/stm32l4xx_it.o" "../Core/Src/stm32l4xx_it.c"
Finished building: ../Core/Src/stm32l4xx_it.c
 
Building file: ../Core/Src/system_stm32l4xx.c
Invoking: MCU GCC Compiler
C:\Users\adamiens\Documents\GitHub\Smart-DSLR-Remote-2\Firmware\Debug
[...]
Finished building: ../Drivers/STM32L4xx_HAL_Driver/Src/stm32l4xx_hal_rcc.c
 
Building file: ../Drivers/STM32L4xx_HAL_Driver/Src/stm32l4xx_hal_rcc_ex.c
Invoking: MCU GCC Compiler
C:\Users\adamiens\Documents\GitHub\Smart-DSLR-Remote-2\Firmware\Debug
arm-none-eabi-gcc -mcpu=cortex-m4 -mthumb -mfloat-abi=hard -mfpu=fpv4-sp-d16 '-D__weak=__attribute__((weak))' '-D__packed=__attribute__((__packed__))' -DUSE_HAL_DRIVER -DSTM32L486xx -I"C:/Users/adamiens/Documents/GitHub/Smart-DSLR-Remote-2/Firmware/Core/Inc" -I"C:/Users/adamiens/Documents/GitHub/Smart-DSLR-Remote-2/Firmware/Drivers/STM32L4xx_HAL_Driver/Inc" -I"C:/Users/adamiens/Documents/GitHub/Smart-DSLR-Remote-2/Firmware/Drivers/STM32L4xx_HAL_Driver/Inc/Legacy" -I"C:/Users/adamiens/Documents/GitHub/Smart-DSLR-Remote-2/Firmware/Drivers/CMSIS/Device/ST/STM32L4xx/Include" -I"C:/Users/adamiens/Documents/GitHub/Smart-DSLR-Remote-2/Firmware/Drivers/CMSIS/Include"  -Og -g3 -Wall -fmessage-length=0 -ffunction-sections -c -fmessage-length=0 -MMD -MP -MF"Drivers/STM32L4xx_HAL_Driver/Src/stm32l4xx_hal_rcc_ex.d" -MT"Drivers/STM32L4xx_HAL_Driver/Src/stm32l4xx_hal_rcc_ex.o" -o "Drivers/STM32L4xx_HAL_Driver/Src/stm32l4xx_hal_rcc_ex.o" "../Drivers/STM32L4xx_HAL_Driver/Src/stm32l4xx_hal_rcc_ex.c"
Finished building: ../Drivers/STM32L4xx_HAL_Driver/Src/stm32l4xx_hal_rcc_ex.c
 
Building file: ../Drivers/STM32L4xx_HAL_Driver/Src/stm32l4xx_hal_spi.c
Invoking: MCU GCC Compiler
C:\Users\adamiens\Documents\GitHub\Smart-DSLR-Remote-2\Firmware\Debug
arm-none-eabi-gcc -mcpu=cortex-m4 -mthumb -mfloat-abi=hard -mfpu=fpv4-sp-d16 '-D__weak=__attribute__((weak))' '-D__packed=__attribute__((__packed__))' -DUSE_HAL_DRIVER -DSTM32L486xx -I"C:/Users/adamiens/Documents/GitHub/Smart-DSLR-Remote-2/Firmware/Core/Inc" -I"C:/Users/adamiens/Documents/GitHub/Smart-DSLR-Remote-2/Firmware/Drivers/STM32L4xx_HAL_Driver/Inc" -I"C:/Users/adamiens/Documents/GitHub/Smart-DSLR-Remote-2/Firmware/Drivers/STM32L4xx_HAL_Driver/Inc/Legacy" -I"C:/Users/adamiens/Documents/GitHub/Smart-DSLR-Remote-2/Firmware/Drivers/CMSIS/Device/ST/STM32L4xx/Include" -I"C:/Users/adamiens/Documents/GitHub/Smart-DSLR-Remote-2/Firmware/Drivers/CMSIS/Include"  -Og -g3 -Wall -fmessage-length=0 -ffunction-sections -c -fmessage-length=0 -MMD -MP -MF"Drivers/STM32L4xx_HAL_Driver/Src/stm32l4xx_hal_spi.d" -MT"Drivers/STM32L4xx_HAL_Driver/Src/stm32l4xx_hal_spi.o" -o "Drivers/STM32L4xx_HAL_Driver/Src/stm32l4xx_hal_spi.o" "../Drivers/STM32L4xx_HAL_Driver/Src/stm32l4xx_hal_spi.c"
Finished building: ../Drivers/STM32L4xx_HAL_Driver/Src/stm32l4xx_hal_spi.c
 
Building file: ../Drivers/STM32L4xx_HAL_Driver/Src/stm32l4xx_hal_spi_ex.c
Invoking: MCU GCC Compiler
C:\Users\adamiens\Documents\GitHub\Smart-DSLR-Remote-2\Firmware\Debug
arm-none-eabi-gcc -mcpu=cortex-m4 -mthumb -mfloat-abi=hard -mfpu=fpv4-sp-d16 '-D__weak=__attribute__((weak))' '-D__packed=__attribute__((__packed__))' -DUSE_HAL_DRIVER -DSTM32L486xx -I"C:/Users/adamiens/Documents/GitHub/Smart-DSLR-Remote-2/Firmware/Core/Inc" -I"C:/Users/adamiens/Documents/GitHub/Smart-DSLR-Remote-2/Firmware/Drivers/STM32L4xx_HAL_Driver/Inc" -I"C:/Users/adamiens/Documents/GitHub/Smart-DSLR-Remote-2/Firmware/Drivers/STM32L4xx_HAL_Driver/Inc/Legacy" -I"C:/Users/adamiens/Documents/GitHub/Smart-DSLR-Remote-2/Firmware/Drivers/CMSIS/Device/ST/STM32L4xx/Include" -I"C:/Users/adamiens/Documents/GitHub/Smart-DSLR-Remote-2/Firmware/Drivers/CMSIS/Include"  -Og -g3 -Wall -fmessage-length=0 -ffunction-sections -c -fmessage-length=0 -MMD -MP -MF"Drivers/STM32L4xx_HAL_Driver/Src/stm32l4xx_hal_spi_ex.d" -MT"Drivers/STM32L4xx_HAL_Driver/Src/stm32l4xx_hal_spi_ex.o" -o "Drivers/STM32L4xx_HAL_Driver/Src/stm32l4xx_hal_spi_ex.o" "../Drivers/STM32L4xx_HAL_Driver/Src/stm32l4xx_hal_spi_ex.c"
Finished building: ../Drivers/STM32L4xx_HAL_Driver/Src/stm32l4xx_hal_spi_ex.c
 
Building file: ../Drivers/STM32L4xx_HAL_Driver/Src/stm32l4xx_hal_tim.c
Invoking: MCU GCC Compiler
C:\Users\adamiens\Documents\GitHub\Smart-DSLR-Remote-2\Firmware\Debug
arm-none-eabi-gcc -mcpu=cortex-m4 -mthumb -mfloat-abi=hard -mfpu=fpv4-sp-d16 '-D__weak=__attribute__((weak))' '-D__packed=__attribute__((__packed__))' -DUSE_HAL_DRIVER -DSTM32L486xx -I"C:/Users/adamiens/Documents/GitHub/Smart-DSLR-Remote-2/Firmware/Core/Inc" -I"C:/Users/adamiens/Documents/GitHub/Smart-DSLR-Remote-2/Firmware/Drivers/STM32L4xx_HAL_Driver/Inc" -I"C:/Users/adamiens/Documents/GitHub/Smart-DSLR-Remote-2/Firmware/Drivers/STM32L4xx_HAL_Driver/Inc/Legacy" -I"C:/Users/adamiens/Documents/GitHub/Smart-DSLR-Remote-2/Firmware/Drivers/CMSIS/Device/ST/STM32L4xx/Include" -I"C:/Users/adamiens/Documents/GitHub/Smart-DSLR-Remote-2/Firmware/Drivers/CMSIS/Include"  -Og -g3 -Wall -fmessage-length=0 -ffunction-sections -c -fmessage-length=0 -MMD -MP -MF"Drivers/STM32L4xx_HAL_Driver/Src/stm32l4xx_hal_tim.d" -MT"Drivers/STM32L4xx_HAL_Driver/Src/stm32l4xx_hal_tim.o" -o "Drivers/STM32L4xx_HAL_Driver/Src/stm32l4xx_hal_tim.o" "../Drivers/STM32L4xx_HAL_Driver/Src/stm32l4xx_hal_tim.c"
Finished building: ../Drivers/STM32L4xx_HAL_Driver/Src/stm32l4xx_hal_tim.c
 
Building file: ../Drivers/STM32L4xx_HAL_Driver/Src/stm32l4xx_hal_tim_ex.c
Invoking: MCU GCC Compiler
C:\Users\adamiens\Documents\GitHub\Smart-DSLR-Remote-2\Firmware\Debug
arm-none-eabi-gcc -mcpu=cortex-m4 -mthumb -mfloat-abi=hard -mfpu=fpv4-sp-d16 '-D__weak=__attribute__((weak))' '-D__packed=__attribute__((__packed__))' -DUSE_HAL_DRIVER -DSTM32L486xx -I"C:/Users/adamiens/Documents/GitHub/Smart-DSLR-Remote-2/Firmware/Core/Inc" -I"C:/Users/adamiens/Documents/GitHub/Smart-DSLR-Remote-2/Firmware/Drivers/STM32L4xx_HAL_Driver/Inc" -I"C:/Users/adamiens/Documents/GitHub/Smart-DSLR-Remote-2/Firmware/Drivers/STM32L4xx_HAL_Driver/Inc/Legacy" -I"C:/Users/adamiens/Documents/GitHub/Smart-DSLR-Remote-2/Firmware/Drivers/CMSIS/Device/ST/STM32L4xx/Include" -I"C:/Users/adamiens/Documents/GitHub/Smart-DSLR-Remote-2/Firmware/Drivers/CMSIS/Include"  -Og -g3 -Wall -fmessage-length=0 -ffunction-sections -c -fmessage-length=0 -MMD -MP -MF"Drivers/STM32L4xx_HAL_Driver/Src/stm32l4xx_hal_tim_ex.d" -MT"Drivers/STM32L4xx_HAL_Driver/Src/stm32l4xx_hal_tim_ex.o" -o "Drivers/STM32L4xx_HAL_Driver/Src/stm32l4xx_hal_tim_ex.o" "../Drivers/STM32L4xx_HAL_Driver/Src/stm32l4xx_hal_tim_ex.c"
Finished building: ../Drivers/STM32L4xx_HAL_Driver/Src/stm32l4xx_hal_tim_ex.c
 
Building file: ../Drivers/STM32L4xx_HAL_Driver/Src/stm32l4xx_hal_uart.c
Invoking: MCU GCC Compiler
C:\Users\adamiens\Documents\GitHub\Smart-DSLR-Remote-2\Firmware\Debug
arm-none-eabi-gcc -mcpu=cortex-m4 -mthumb -mfloat-abi=hard -mfpu=fpv4-sp-d16 '-D__weak=__attribute__((weak))' '-D__packed=__attribute__((__packed__))' -DUSE_HAL_DRIVER -DSTM32L486xx -I"C:/Users/adamiens/Documents/GitHub/Smart-DSLR-Remote-2/Firmware/Core/Inc" -I"C:/Users/adamiens/Documents/GitHub/Smart-DSLR-Remote-2/Firmware/Drivers/STM32L4xx_HAL_Driver/Inc" -I"C:/Users/adamiens/Documents/GitHub/Smart-DSLR-Remote-2/Firmware/Drivers/STM32L4xx_HAL_Driver/Inc/Legacy" -I"C:/Users/adamiens/Documents/GitHub/Smart-DSLR-Remote-2/Firmware/Drivers/CMSIS/Device/ST/STM32L4xx/Include" -I"C:/Users/adamiens/Documents/GitHub/Smart-DSLR-Remote-2/Firmware/Drivers/CMSIS/Include"  -Og -g3 -Wall -fmessage-length=0 -ffunction-sections -c -fmessage-length=0 -MMD -MP -MF"Drivers/STM32L4xx_HAL_Driver/Src/stm32l4xx_hal_uart.d" -MT"Drivers/STM32L4xx_HAL_Driver/Src/stm32l4xx_hal_uart.o" -o "Drivers/STM32L4xx_HAL_Driver/Src/stm32l4xx_hal_uart.o" "../Drivers/STM32L4xx_HAL_Driver/Src/stm32l4xx_hal_uart.c"
Finished building: ../Drivers/STM32L4xx_HAL_Driver/Src/stm32l4xx_hal_uart.c
 
Building file: ../Drivers/STM32L4xx_HAL_Driver/Src/stm32l4xx_hal_uart_ex.c
Invoking: MCU GCC Compiler
C:\Users\adamiens\Documents\GitHub\Smart-DSLR-Remote-2\Firmware\Debug
arm-none-eabi-gcc -mcpu=cortex-m4 -mthumb -mfloat-abi=hard -mfpu=fpv4-sp-d16 '-D__weak=__attribute__((weak))' '-D__packed=__attribute__((__packed__))' -DUSE_HAL_DRIVER -DSTM32L486xx -I"C:/Users/adamiens/Documents/GitHub/Smart-DSLR-Remote-2/Firmware/Core/Inc" -I"C:/Users/adamiens/Documents/GitHub/Smart-DSLR-Remote-2/Firmware/Drivers/STM32L4xx_HAL_Driver/Inc" -I"C:/Users/adamiens/Documents/GitHub/Smart-DSLR-Remote-2/Firmware/Drivers/STM32L4xx_HAL_Driver/Inc/Legacy" -I"C:/Users/adamiens/Documents/GitHub/Smart-DSLR-Remote-2/Firmware/Drivers/CMSIS/Device/ST/STM32L4xx/Include" -I"C:/Users/adamiens/Documents/GitHub/Smart-DSLR-Remote-2/Firmware/Drivers/CMSIS/Include"  -Og -g3 -Wall -fmessage-length=0 -ffunction-sections -c -fmessage-length=0 -MMD -MP -MF"Drivers/STM32L4xx_HAL_Driver/Src/stm32l4xx_hal_uart_ex.d" -MT"Drivers/STM32L4xx_HAL_Driver/Src/stm32l4xx_hal_uart_ex.o" -o "Drivers/STM32L4xx_HAL_Driver/Src/stm32l4xx_hal_uart_ex.o" "../Drivers/STM32L4xx_HAL_Driver/Src/stm32l4xx_hal_uart_ex.c"
Finished building: ../Drivers/STM32L4xx_HAL_Driver/Src/stm32l4xx_hal_uart_ex.c
 
Building file: ../Core/Src/main.c
Invoking: MCU GCC Compiler
C:\Users\adamiens\Documents\GitHub\Smart-DSLR-Remote-2\Firmware\Debug
arm-none-eabi-gcc -mcpu=cortex-m4 -mthumb -mfloat-abi=hard -mfpu=fpv4-sp-d16 '-D__weak=__attribute__((weak))' '-D__packed=__attribute__((__packed__))' -DUSE_HAL_DRIVER -DSTM32L486xx -I"C:/Users/adamiens/Documents/GitHub/Smart-DSLR-Remote-2/Firmware/Core/Inc" -I"C:/Users/adamiens/Documents/GitHub/Smart-DSLR-Remote-2/Firmware/Drivers/STM32L4xx_HAL_Driver/Inc" -I"C:/Users/adamiens/Documents/GitHub/Smart-DSLR-Remote-2/Firmware/Drivers/STM32L4xx_HAL_Driver/Inc/Legacy" -I"C:/Users/adamiens/Documents/GitHub/Smart-DSLR-Remote-2/Firmware/Drivers/CMSIS/Device/ST/STM32L4xx/Include" -I"C:/Users/adamiens/Documents/GitHub/Smart-DSLR-Remote-2/Firmware/Drivers/CMSIS/Include"  -Og -g3 -Wall -fmessage-length=0 -ffunction-sections -c -fmessage-length=0 -MMD -MP -MF"Core/Src/main.d" -MT"Core/Src/main.o" -o "Core/Src/main.o" "../Core/Src/main.c"
Finished building: ../Core/Src/main.c
 
Building file: ../Core/Src/stm32l4xx_hal_msp.c
Invoking: MCU GCC Compiler
C:\Users\adamiens\Documents\GitHub\Smart-DSLR-Remote-2\Firmware\Debug
arm-none-eabi-gcc -mcpu=cortex-m4 -mthumb -mfloat-abi=hard -mfpu=fpv4-sp-d16 '-D__weak=__attribute__((weak))' '-D__packed=__attribute__((__packed__))' -DUSE_HAL_DRIVER -DSTM32L486xx -I"C:/Users/adamiens/Documents/GitHub/Smart-DSLR-Remote-2/Firmware/Core/Inc" -I"C:/Users/adamiens/Documents/GitHub/Smart-DSLR-Remote-2/Firmware/Drivers/STM32L4xx_HAL_Driver/Inc" -I"C:/Users/adamiens/Documents/GitHub/Smart-DSLR-Remote-2/Firmware/Drivers/STM32L4xx_HAL_Driver/Inc/Legacy" -I"C:/Users/adamiens/Documents/GitHub/Smart-DSLR-Remote-2/Firmware/Drivers/CMSIS/Device/ST/STM32L4xx/Include" -I"C:/Users/adamiens/Documents/GitHub/Smart-DSLR-Remote-2/Firmware/Drivers/CMSIS/Include"  -Og -g3 -Wall -fmessage-length=0 -ffunction-sections -c -fmessage-length=0 -MMD -MP -MF"Core/Src/stm32l4xx_hal_msp.d" -MT"Core/Src/stm32l4xx_hal_msp.o" -o "Core/Src/stm32l4xx_hal_msp.o" "../Core/Src/stm32l4xx_hal_msp.c"
Finished building: ../Core/Src/stm32l4xx_hal_msp.c
 
Building file: ../Core/Src/stm32l4xx_it.c
Invoking: MCU GCC Compiler
C:\Users\adamiens\Documents\GitHub\Smart-DSLR-Remote-2\Firmware\Debug
arm-none-eabi-gcc -mcpu=cortex-m4 -mthumb -mfloat-abi=hard -mfpu=fpv4-sp-d16 '-D__weak=__attribute__((weak))' '-D__packed=__attribute__((__packed__))' -DUSE_HAL_DRIVER -DSTM32L486xx -I"C:/Users/adamiens/Documents/GitHub/Smart-DSLR-Remote-2/Firmware/Core/Inc" -I"C:/Users/adamiens/Documents/GitHub/Smart-DSLR-Remote-2/Firmware/Drivers/STM32L4xx_HAL_Driver/Inc" -I"C:/Users/adamiens/Documents/GitHub/Smart-DSLR-Remote-2/Firmware/Drivers/STM32L4xx_HAL_Driver/Inc/Legacy" -I"C:/Users/adamiens/Documents/GitHub/Smart-DSLR-Remote-2/Firmware/Drivers/CMSIS/Device/ST/STM32L4xx/Include" -I"C:/Users/adamiens/Documents/GitHub/Smart-DSLR-Remote-2/Firmware/Drivers/CMSIS/Include"  -Og -g3 -Wall -fmessage-length=0 -ffunction-sections -c -fmessage-length=0 -MMD -MP -MF"Core/Src/stm32l4xx_it.d" -MT"Core/Src/stm32l4xx_it.o" -o "Core/Src/stm32l4xx_it.o" "../Core/Src/stm32l4xx_it.c"
Finished building: ../Core/Src/stm32l4xx_it.c
 
Building file: ../Core/Src/system_stm32l4xx.c
Invoking: MCU GCC Compiler
C:\Users\adamiens\Documents\GitHub\Smart-DSLR-Remote-2\Firmware\Debug
arm-none-eabi-gcc -mcpu=cortex-m4 -mthumb -mfloat-abi=hard -mfpu=fpv4-sp-d16 '-D__weak=__attribute__((weak))' '-D__packed=__attribute__((__packed__))' -DUSE_HAL_DRIVER -DSTM32L486xx -I"C:/Users/adamiens/Documents/GitHub/Smart-DSLR-Remote-2/Firmware/Core/Inc" -I"C:/Users/adamiens/Documents/GitHub/Smart-DSLR-Remote-2/Firmware/Drivers/STM32L4xx_HAL_Driver/Inc" -I"C:/Users/adamiens/Documents/GitHub/Smart-DSLR-Remote-2/Firmware/Drivers/STM32L4xx_HAL_Driver/Inc/Legacy" -I"C:/Users/adamiens/Documents/GitHub/Smart-DSLR-Remote-2/Firmware/Drivers/CMSIS/Device/ST/STM32L4xx/Include" -I"C:/Users/adamiens/Documents/GitHub/Smart-DSLR-Remote-2/Firmware/Drivers/CMSIS/Include"  -Og -g3 -Wall -fmessage-length=0 -ffunction-sections -c -fmessage-length=0 -MMD -MP -MF"Core/Src/system_stm32l4xx.d" -MT"Core/Src/system_stm32l4xx.o" -o "Core/Src/system_stm32l4xx.o" "../Core/Src/system_stm32l4xx.c"
Finished building: ../Core/Src/system_stm32l4xx.c
 
Building target: Firmware.elf
Invoking: MCU GCC Linker
arm-none-eabi-gcc -mcpu=cortex-m4 -mthumb -mfloat-abi=hard -mfpu=fpv4-sp-d16 -specs=nosys.specs -specs=nano.specs -T"../STM32L486RGTx_FLASH.ld" -Wl,-Map=output.map -Wl,--gc-sections -o "Firmware.elf" @"objects.list"   -lm
Finished building target: Firmware.elf
 
make --no-print-directory post-build
Generating hex and Printing size information:
arm-none-eabi-objcopy -O ihex "Firmware.elf" "Firmware.hex"
arm-none-eabi-size "Firmware.elf"
   text	   data	    bss	    dec	    hex	filename
  16312	     24	   2344	  18680	   48f8	Firmware.elf
 
14:02:19 **** Incremental Build of configuration Debug for project Firmware ****
make all 
Building file: ../Core/Src/main.c
Invoking: MCU GCC Compiler
C:\Users\adamiens\Documents\GitHub\Smart-DSLR-Remote-2\Firmware\Debug
arm-none-eabi-gcc -mcpu=cortex-m4 -mthumb -mfloat-abi=hard -mfpu=fpv4-sp-d16 '-D__weak=__attribute__((weak))' '-D__packed=__attribute__((__packed__))' -DUSE_HAL_DRIVER -DSTM32L486xx -I"C:/Users/adamiens/Documents/GitHub/Smart-DSLR-Remote-2/Firmware/Core/Inc" -I"C:/Users/adamiens/Documents/GitHub/Smart-DSLR-Remote-2/Firmware/Drivers/STM32L4xx_HAL_Driver/Inc" -I"C:/Users/adamiens/Documents/GitHub/Smart-DSLR-Remote-2/Firmware/Drivers/STM32L4xx_HAL_Driver/Inc/Legacy" -I"C:/Users/adamiens/Documents/GitHub/Smart-DSLR-Remote-2/Firmware/Drivers/CMSIS/Device/ST/STM32L4xx/Include" -I"C:/Users/adamiens/Documents/GitHub/Smart-DSLR-Remote-2/Firmware/Drivers/CMSIS/Include"  -Og -g3 -Wall -fmessage-length=0 -ffunction-sections -c -fmessage-length=0 -MMD -MP -MF"Core/Src/main.d" -MT"Core/Src/main.o" -o "Core/Src/main.o" "../Core/Src/main.c"
Finished building: ../Core/Src/main.c
 
Building target: Firmware.elf
Invoking: MCU GCC Linker
arm-none-eabi-gcc -mcpu=cortex-m4 -mthumb -mfloat-abi=hard -mfpu=fpv4-sp-d16 -specs=nosys.specs -specs=nano.specs -T"../STM32L486RGTx_FLASH.ld" -Wl,-Map=output.map -Wl,--gc-sections -o "Firmware.elf" @"objects.list"   -lm
Finished building target: Firmware.elf
 
make --no-print-directory post-build
Generating hex and Printing size information:
arm-none-eabi-objcopy -O ihex "Firmware.elf" "Firmware.hex"
arm-none-eabi-size "Firmware.elf"
   text	   data	    bss	    dec	    hex	filename
  16336	     24	   2344	  18704	   4910	Firmware.elf
 
14:02:28 **** Incremental Build of configuration Debug for project Firmware ****
make all 
Building file: ../Core/Src/main.c
Invoking: MCU GCC Compiler
C:\Users\adamiens\Documents\GitHub\Smart-DSLR-Remote-2\Firmware\Debug
arm-none-eabi-gcc -mcpu=cortex-m4 -mthumb -mfloat-abi=hard -mfpu=fpv4-sp-d16 '-D__weak=__attribute__((weak))' '-D__packed=__attribute__((__packed__))' -DUSE_HAL_DRIVER -DSTM32L486xx -I"C:/Users/adamiens/Documents/GitHub/Smart-DSLR-Remote-2/Firmware/Core/Inc" -I"C:/Users/adamiens/Documents/GitHub/Smart-DSLR-Remote-2/Firmware/Drivers/STM32L4xx_HAL_Driver/Inc" -I"C:/Users/adamiens/Documents/GitHub/Smart-DSLR-Remote-2/Firmware/Drivers/STM32L4xx_HAL_Driver/Inc/Legacy" -I"C:/Users/adamiens/Documents/GitHub/Smart-DSLR-Remote-2/Firmware/Drivers/CMSIS/Device/ST/STM32L4xx/Include" -I"C:/Users/adamiens/Documents/GitHub/Smart-DSLR-Remote-2/Firmware/Drivers/CMSIS/Include"  -Og -g3 -Wall -fmessage-length=0 -ffunction-sections -c -fmessage-length=0 -MMD -MP -MF"Core/Src/main.d" -MT"Core/Src/main.o" -o "Core/Src/main.o" "../Core/Src/main.c"
Finished building: ../Core/Src/main.c
 
Building target: Firmware.elf
Invoking: MCU GCC Linker
arm-none-eabi-gcc -mcpu=cortex-m4 -mthumb -mfloat-abi=hard -mfpu=fpv4-sp-d16 -specs=nosys.specs -specs=nano.specs -T"../STM32L486RGTx_FLASH.ld" -Wl,-Map=output.map -Wl,--gc-sections -o "Firmware.elf" @"objects.list"   -lm
Finished building target: Firmware.elf
 
make --no-print-directory post-build
Generating hex and Printing size information:
arm-none-eabi-objcopy -O ihex "Firmware.elf" "Firmware.hex"
arm-none-eabi-size "Firmware.elf"
   text	   data	    bss	    dec	    hex	filename
  16336	     24	   2344	  18704	   4910	Firmware.elf
 
14:02:53 **** Incremental Build of configuration Debug for project Firmware ****
make all 
Building target: Firmware.elf
Invoking: MCU GCC Linker
arm-none-eabi-gcc -mcpu=cortex-m4 -mthumb -mfloat-abi=hard -mfpu=fpv4-sp-d16 -specs=nosys.specs -specs=nano.specs -T"../STM32L486RGTx_FLASH.ld" -Wl,-Map=output.map -Wl,--gc-sections -o "Firmware.elf" @"objects.list"   -lm
Finished building target: Firmware.elf
 
make --no-print-directory post-build
Generating hex and Printing size information:
arm-none-eabi-objcopy -O ihex "Firmware.elf" "Firmware.hex"
arm-none-eabi-size "Firmware.elf"
   text	   data	    bss	    dec	    hex	filename
  16336	     24	   2344	  18704	   4910	Firmware.elf
 
14:07:34 **** Incremental Build of configuration Debug for project Firmware ****
make all 
Building file: ../Core/Src/main.c
Invoking: MCU GCC Compiler
C:\Users\adamiens\Documents\GitHub\Smart-DSLR-Remote-2\Firmware\Debug
arm-none-eabi-gcc -mcpu=cortex-m4 -mthumb -mfloat-abi=hard -mfpu=fpv4-sp-d16 '-D__weak=__attribute__((weak))' '-D__packed=__attribute__((__packed__))' -DUSE_HAL_DRIVER -DSTM32L486xx -I"C:/Users/adamiens/Documents/GitHub/Smart-DSLR-Remote-2/Firmware/Core/Inc" -I"C:/Users/adamiens/Documents/GitHub/Smart-DSLR-Remote-2/Firmware/Drivers/STM32L4xx_HAL_Driver/Inc" -I"C:/Users/adamiens/Documents/GitHub/Smart-DSLR-Remote-2/Firmware/Drivers/STM32L4xx_HAL_Driver/Inc/Legacy" -I"C:/Users/adamiens/Documents/GitHub/Smart-DSLR-Remote-2/Firmware/Drivers/CMSIS/Device/ST/STM32L4xx/Include" -I"C:/Users/adamiens/Documents/GitHub/Smart-DSLR-Remote-2/Firmware/Drivers/CMSIS/Include"  -Og -g3 -Wall -fmessage-length=0 -ffunction-sections -c -fmessage-length=0 -MMD -MP -MF"Core/Src/main.d" -MT"Core/Src/main.o" -o "Core/Src/main.o" "../Core/Src/main.c"
../Core/Src/main.c: In function 'main':
../Core/Src/main.c:159:3: warning: implicit declaration of function 'UpdateLCDBrightness' [-Wimplicit-function-declaration]
   UpdateLCDBrightness(0);
   ^~~~~~~~~~~~~~~~~~~
../Core/Src/main.c: At top level:
../Core/Src/main.c:864:6: warning: conflicting types for 'UpdateLCDBrightness'
 void UpdateLCDBrightness(uint32_t brightness)
      ^~~~~~~~~~~~~~~~~~~
../Core/Src/main.c:159:3: note: previous implicit declaration of 'UpdateLCDBrightness' was here
   UpdateLCDBrightness(0);
   ^~~~~~~~~~~~~~~~~~~
Finished building: ../Core/Src/main.c
 
Building target: Firmware.elf
Invoking: MCU GCC Linker
arm-none-eabi-gcc -mcpu=cortex-m4 -mthumb -mfloat-abi=hard -mfpu=fpv4-sp-d16 -specs=nosys.specs -specs=nano.specs -T"../STM32L486RGTx_FLASH.ld" -Wl,-Map=output.map -Wl,--gc-sections -o "Firmware.elf" @"objects.list"   -lm
Finished building target: Firmware.elf
 
make --no-print-directory post-build
Generating hex and Printing size information:
arm-none-eabi-objcopy -O ihex "Firmware.elf" "Firmware.hex"
arm-none-eabi-size "Firmware.elf"
   text	   data	    bss	    dec	    hex	filename
  16392	     24	   2344	  18760	   4948	Firmware.elf
 
